Archive member included to satisfy reference by file (symbol)

D:/NXP/S32DS.3.5/S32DS/build_tools/gcc_b1620/gcc-6.3-arm32-eabi/arm-none-eabi/newlib/lib/thumb/v7e-m/fpv4-sp/hard\libc_nano.a(lib_a-exit.o)
                              D:/NXP/S32DS.3.5/S32DS/build_tools/gcc_b1620/gcc-6.3-arm32-eabi/arm-none-eabi/newlib/lib/thumb/v7e-m/fpv4-sp/hard/crt0.o (exit)
D:/NXP/S32DS.3.5/S32DS/build_tools/gcc_b1620/gcc-6.3-arm32-eabi/arm-none-eabi/newlib/lib/thumb/v7e-m/fpv4-sp/hard\libc_nano.a(lib_a-impure.o)
                              D:/NXP/S32DS.3.5/S32DS/build_tools/gcc_b1620/gcc-6.3-arm32-eabi/arm-none-eabi/newlib/lib/thumb/v7e-m/fpv4-sp/hard\libc_nano.a(lib_a-exit.o) (_global_impure_ptr)
D:/NXP/S32DS.3.5/S32DS/build_tools/gcc_b1620/gcc-6.3-arm32-eabi/arm-none-eabi/newlib/lib/thumb/v7e-m/fpv4-sp/hard\libc_nano.a(lib_a-init.o)
                              D:/NXP/S32DS.3.5/S32DS/build_tools/gcc_b1620/gcc-6.3-arm32-eabi/arm-none-eabi/newlib/lib/thumb/v7e-m/fpv4-sp/hard/crt0.o (__libc_init_array)
D:/NXP/S32DS.3.5/S32DS/build_tools/gcc_b1620/gcc-6.3-arm32-eabi/arm-none-eabi/newlib/lib/thumb/v7e-m/fpv4-sp/hard\libc_nano.a(lib_a-memset.o)
                              D:/NXP/S32DS.3.5/S32DS/build_tools/gcc_b1620/gcc-6.3-arm32-eabi/arm-none-eabi/newlib/lib/thumb/v7e-m/fpv4-sp/hard/crt0.o (memset)
D:/NXP/S32DS.3.5/S32DS/build_tools/gcc_b1620/gcc-6.3-arm32-eabi/arm-none-eabi/newlib/lib/thumb/v7e-m/fpv4-sp/hard\libc_nano.a(lib_a-sprintf.o)
                              ./src/main.o (sprintf)
D:/NXP/S32DS.3.5/S32DS/build_tools/gcc_b1620/gcc-6.3-arm32-eabi/arm-none-eabi/newlib/lib/thumb/v7e-m/fpv4-sp/hard\libc_nano.a(lib_a-nano-svfprintf.o)
                              D:/NXP/S32DS.3.5/S32DS/build_tools/gcc_b1620/gcc-6.3-arm32-eabi/arm-none-eabi/newlib/lib/thumb/v7e-m/fpv4-sp/hard\libc_nano.a(lib_a-sprintf.o) (_svfprintf_r)
D:/NXP/S32DS.3.5/S32DS/build_tools/gcc_b1620/gcc-6.3-arm32-eabi/arm-none-eabi/newlib/lib/thumb/v7e-m/fpv4-sp/hard\libc_nano.a(lib_a-nano-vfprintf_i.o)
                              D:/NXP/S32DS.3.5/S32DS/build_tools/gcc_b1620/gcc-6.3-arm32-eabi/arm-none-eabi/newlib/lib/thumb/v7e-m/fpv4-sp/hard\libc_nano.a(lib_a-nano-svfprintf.o) (_printf_i)
D:/NXP/S32DS.3.5/S32DS/build_tools/gcc_b1620/gcc-6.3-arm32-eabi/arm-none-eabi/newlib/lib/thumb/v7e-m/fpv4-sp/hard\libc_nano.a(lib_a-memchr.o)
                              D:/NXP/S32DS.3.5/S32DS/build_tools/gcc_b1620/gcc-6.3-arm32-eabi/arm-none-eabi/newlib/lib/thumb/v7e-m/fpv4-sp/hard\libc_nano.a(lib_a-nano-svfprintf.o) (memchr)
D:/NXP/S32DS.3.5/S32DS/build_tools/gcc_b1620/gcc-6.3-arm32-eabi/arm-none-eabi/newlib/lib/thumb/v7e-m/fpv4-sp/hard\libc_nano.a(lib_a-memcpy-stub.o)
                              D:/NXP/S32DS.3.5/S32DS/build_tools/gcc_b1620/gcc-6.3-arm32-eabi/arm-none-eabi/newlib/lib/thumb/v7e-m/fpv4-sp/hard\libc_nano.a(lib_a-nano-svfprintf.o) (memcpy)
D:/NXP/S32DS.3.5/S32DS/build_tools/gcc_b1620/gcc-6.3-arm32-eabi/arm-none-eabi/newlib/lib/thumb/v7e-m/fpv4-sp/hard\libc_nano.a(lib_a-memmove.o)
                              D:/NXP/S32DS.3.5/S32DS/build_tools/gcc_b1620/gcc-6.3-arm32-eabi/arm-none-eabi/newlib/lib/thumb/v7e-m/fpv4-sp/hard\libc_nano.a(lib_a-nano-svfprintf.o) (memmove)
D:/NXP/S32DS.3.5/S32DS/build_tools/gcc_b1620/gcc-6.3-arm32-eabi/arm-none-eabi/newlib/lib/thumb/v7e-m/fpv4-sp/hard\libc_nano.a(lib_a-nano-freer.o)
                              D:/NXP/S32DS.3.5/S32DS/build_tools/gcc_b1620/gcc-6.3-arm32-eabi/arm-none-eabi/newlib/lib/thumb/v7e-m/fpv4-sp/hard\libc_nano.a(lib_a-nano-svfprintf.o) (_free_r)
D:/NXP/S32DS.3.5/S32DS/build_tools/gcc_b1620/gcc-6.3-arm32-eabi/arm-none-eabi/newlib/lib/thumb/v7e-m/fpv4-sp/hard\libc_nano.a(lib_a-nano-mallocr.o)
                              D:/NXP/S32DS.3.5/S32DS/build_tools/gcc_b1620/gcc-6.3-arm32-eabi/arm-none-eabi/newlib/lib/thumb/v7e-m/fpv4-sp/hard\libc_nano.a(lib_a-nano-svfprintf.o) (_malloc_r)
D:/NXP/S32DS.3.5/S32DS/build_tools/gcc_b1620/gcc-6.3-arm32-eabi/arm-none-eabi/newlib/lib/thumb/v7e-m/fpv4-sp/hard\libc_nano.a(lib_a-nano-reallocr.o)
                              D:/NXP/S32DS.3.5/S32DS/build_tools/gcc_b1620/gcc-6.3-arm32-eabi/arm-none-eabi/newlib/lib/thumb/v7e-m/fpv4-sp/hard\libc_nano.a(lib_a-nano-svfprintf.o) (_realloc_r)
D:/NXP/S32DS.3.5/S32DS/build_tools/gcc_b1620/gcc-6.3-arm32-eabi/arm-none-eabi/newlib/lib/thumb/v7e-m/fpv4-sp/hard\libc_nano.a(lib_a-sbrkr.o)
                              D:/NXP/S32DS.3.5/S32DS/build_tools/gcc_b1620/gcc-6.3-arm32-eabi/arm-none-eabi/newlib/lib/thumb/v7e-m/fpv4-sp/hard\libc_nano.a(lib_a-nano-mallocr.o) (_sbrk_r)
D:/NXP/S32DS.3.5/S32DS/build_tools/gcc_b1620/gcc-6.3-arm32-eabi/arm-none-eabi/newlib/lib/thumb/v7e-m/fpv4-sp/hard\libc_nano.a(lib_a-mlock.o)
                              D:/NXP/S32DS.3.5/S32DS/build_tools/gcc_b1620/gcc-6.3-arm32-eabi/arm-none-eabi/newlib/lib/thumb/v7e-m/fpv4-sp/hard\libc_nano.a(lib_a-nano-freer.o) (__malloc_lock)
[...]
Memory Configuration

Name             Origin             Length             Attributes
m_interrupts     0x00000000         0x00000400         xr
m_flash_config   0x00000400         0x00000010         xr
m_text           0x00000410         0x0007fbf0         xr
m_data           0x1fff8000         0x00008000         rw
m_data_2         0x20000000         0x00007000         rw
*default*        0x00000000         0xffffffff

Linker script and memory map

LOAD d:/nxp/s32ds.3.5/s32ds/build_tools/gcc_b1620/gcc-6.3-arm32-eabi/bin/../lib/gcc/arm-none-eabi/6.3.1/thumb/v7e-m/fpv4-sp/hard/crti.o
LOAD d:/nxp/s32ds.3.5/s32ds/build_tools/gcc_b1620/gcc-6.3-arm32-eabi/bin/../lib/gcc/arm-none-eabi/6.3.1/thumb/v7e-m/fpv4-sp/hard/crtbegin.o
LOAD D:/NXP/S32DS.3.5/S32DS/build_tools/gcc_b1620/gcc-6.3-arm32-eabi/arm-none-eabi/newlib/lib/thumb/v7e-m/fpv4-sp/hard/crt0.o
LOAD ./Project_Settings/Startup_Code/startup_S32K144.o
LOAD ./SDK/platform/devices/S32K144/startup/system_S32K144.o
LOAD ./SDK/platform/devices/startup.o
LOAD ./SDK/platform/drivers/src/adc/adc_driver.o
LOAD ./SDK/platform/drivers/src/clock/S32K1xx/clock_S32K1xx.o
LOAD ./SDK/platform/drivers/src/edma/edma_driver.o
LOAD ./SDK/platform/drivers/src/edma/edma_hw_access.o
LOAD ./SDK/platform/drivers/src/edma/edma_irq.o
LOAD ./SDK/platform/drivers/src/interrupt/interrupt_manager.o
LOAD ./SDK/platform/drivers/src/lpuart/lpuart_driver.o
LOAD ./SDK/platform/drivers/src/lpuart/lpuart_hw_access.o
LOAD ./SDK/platform/drivers/src/lpuart/lpuart_irq.o
LOAD ./SDK/platform/drivers/src/pdb/pdb_driver.o
LOAD ./SDK/platform/drivers/src/pdb/pdb_hw_access.o
LOAD ./SDK/platform/drivers/src/pins/pins_driver.o
LOAD ./SDK/platform/drivers/src/pins/pins_port_hw_access.o
LOAD ./SDK/platform/drivers/src/trgmux/trgmux_driver.o
LOAD ./SDK/platform/drivers/src/trgmux/trgmux_hw_access.o
LOAD ./SDK/platform/pal/src/adc/adc_irq.o
LOAD ./SDK/platform/pal/src/adc/adc_pal.o
LOAD ./SDK/rtos/osif/osif_baremetal.o
LOAD ./board/clock_config.o
LOAD ./board/peripherals_adc_pal_1.o
LOAD ./board/peripherals_edma_config_1.o
LOAD ./board/peripherals_lpuart_1.o
LOAD ./board/peripherals_osif_1.o
LOAD ./board/pin_mux.o
LOAD ./src/main.o
START GROUP
LOAD d:/nxp/s32ds.3.5/s32ds/build_tools/gcc_b1620/gcc-6.3-arm32-eabi/bin/../lib/gcc/arm-none-eabi/6.3.1/thumb/v7e-m/fpv4-sp/hard\libgcc.a
LOAD D:/NXP/S32DS.3.5/S32DS/build_tools/gcc_b1620/gcc-6.3-arm32-eabi/arm-none-eabi/newlib/lib/thumb/v7e-m/fpv4-sp/hard\libc_nano.a
END GROUP
START GROUP
LOAD d:/nxp/s32ds.3.5/s32ds/build_tools/gcc_b1620/gcc-6.3-arm32-eabi/bin/../lib/gcc/arm-none-eabi/6.3.1/thumb/v7e-m/fpv4-sp/hard\libgcc.a
LOAD D:/NXP/S32DS.3.5/S32DS/build_tools/gcc_b1620/gcc-6.3-arm32-eabi/arm-none-eabi/newlib/lib/thumb/v7e-m/fpv4-sp/hard\libc_nano.a
LOAD D:/NXP/S32DS.3.5/S32DS/build_tools/gcc_b1620/gcc-6.3-arm32-eabi/arm-none-eabi/newlib/lib/thumb/v7e-m/fpv4-sp/hard\libnosys.a
END GROUP
START GROUP
LOAD d:/nxp/s32ds.3.5/s32ds/build_tools/gcc_b1620/gcc-6.3-arm32-eabi/bin/../lib/gcc/arm-none-eabi/6.3.1/thumb/v7e-m/fpv4-sp/hard\libgcc.a
LOAD D:/NXP/S32DS.3.5/S32DS/build_tools/gcc_b1620/gcc-6.3-arm32-eabi/arm-none-eabi/newlib/lib/thumb/v7e-m/fpv4-sp/hard\libc_nano.a
LOAD D:/NXP/S32DS.3.5/S32DS/build_tools/gcc_b1620/gcc-6.3-arm32-eabi/arm-none-eabi/newlib/lib/thumb/v7e-m/fpv4-sp/hard\libnosys.a
END GROUP
LOAD d:/nxp/s32ds.3.5/s32ds/build_tools/gcc_b1620/gcc-6.3-arm32-eabi/bin/../lib/gcc/arm-none-eabi/6.3.1/thumb/v7e-m/fpv4-sp/hard/crtend.o
LOAD d:/nxp/s32ds.3.5/s32ds/build_tools/gcc_b1620/gcc-6.3-arm32-eabi/bin/../lib/gcc/arm-none-eabi/6.3.1/thumb/v7e-m/fpv4-sp/hard/crtn.o
                0x00000400                HEAP_SIZE = DEFINED (__heap_size__)?__heap_size__:0x400
                0x00000400                STACK_SIZE = DEFINED (__stack_size__)?__stack_size__:0x400
                0x00000400                M_VECTOR_RAM_SIZE = DEFINED (__flash_vector_table__)?0x0:0x400

.interrupts     0x00000000      0x400
                0x00000000                __VECTOR_TABLE = .
                0x00000000                __interrupts_start__ = .
                0x00000000                . = ALIGN (0x4)
 *(.isr_vector)
 .isr_vector    0x00000000      0x400 ./Project_Settings/Startup_Code/startup_S32K144.o
                0x00000000                __isr_vector
                0x00000400                __interrupts_end__ = .
                0x00000400                . = ALIGN (0x4)

.flash_config   0x00000400       0x10
                0x00000400                . = ALIGN (0x4)
 *(.FlashConfig)
 .FlashConfig   0x00000400       0x10 ./Project_Settings/Startup_Code/startup_S32K144.o
                0x00000410                . = ALIGN (0x4)

.text           0x00000410     0x3e98
                0x00000410                . = ALIGN (0x4)
 *(.text)
 .text          0x00000410       0x4c ./Project_Settings/Startup_Code/startup_S32K144.o
                0x00000410                Reset_Handler
                0x00000458                DebugMon_Handler
                0x00000458                Reserved88_IRQHandler
                0x00000458                CAN0_ORed_IRQHandler
                0x00000458                HardFault_Handler
                0x00000458                Reserved86_IRQHandler
                0x00000458                Reserved103_IRQHandler
                0x00000458                FTM2_Ovf_Reload_IRQHandler
                0x00000458                Reserved50_IRQHandler
                0x00000458                FTFC_Fault_IRQHandler
                0x00000458                FTM0_Ch6_Ch7_IRQHandler
                0x00000458                Reserved114_IRQHandler
                0x00000458                PendSV_Handler
                0x00000458                NMI_Handler
                0x00000458                Reserved89_IRQHandler
                0x00000458                ERM_double_fault_IRQHandler
                0x00000458                Reserved59_IRQHandler
                0x00000458                LPIT0_Ch0_IRQHandler
                0x00000458                Reserved99_IRQHandler
                0x00000458                FTM3_Ch6_Ch7_IRQHandler
                0x00000458                CAN2_ORed_0_15_MB_IRQHandler
                0x00000458                LPIT0_Ch3_IRQHandler
                0x00000458                Reserved92_IRQHandler
                0x00000458                FTM0_Ch4_Ch5_IRQHandler
                0x00000458                CAN1_Error_IRQHandler
                0x00000458                FTM3_Ch0_Ch1_IRQHandler
                0x00000458                SWI_IRQHandler
                0x00000458                FTM2_Ch4_Ch5_IRQHandler
                0x00000458                UsageFault_Handler
                0x00000458                FTM0_Ovf_Reload_IRQHandler
                0x00000458                DefaultISR
                0x00000458                Reserved58_IRQHandler
                0x00000458                CAN1_ORed_0_15_MB_IRQHandler
                0x00000458                FTM1_Ch2_Ch3_IRQHandler
                0x00000458                Reserved82_IRQHandler
                0x00000458                CAN0_ORed_16_31_MB_IRQHandler
                0x00000458                LPI2C0_Slave_IRQHandler
                0x00000458                Reserved71_IRQHandler
                0x00000458                PORTD_IRQHandler
                0x00000458                Reserved69_IRQHandler
                0x00000458                PORTB_IRQHandler
                0x00000458                Reserved70_IRQHandler
                0x00000458                FTM2_Ch2_Ch3_IRQHandler
                0x00000458                Reserved53_IRQHandler
                0x00000458                RTC_IRQHandler
                0x00000458                PDB0_IRQHandler
                0x00000458                Reserved54_IRQHandler
                0x00000458                FTM2_Ch6_Ch7_IRQHandler
                0x00000458                FTM3_Ch2_Ch3_IRQHandler
                0x00000458                FTM2_Ch0_Ch1_IRQHandler
                0x00000458                LPSPI1_IRQHandler
                0x00000458                LPUART1_RxTx_IRQHandler
                0x00000458                RTC_Seconds_IRQHandler
                0x00000458                CAN2_ORed_IRQHandler
                0x00000458                Reserved72_IRQHandler
                0x00000458                Reserved110_IRQHandler
                0x00000458                Reserved107_IRQHandler
                0x00000458                Read_Collision_IRQHandler
                0x00000458                CAN2_Error_IRQHandler
                0x00000458                FTFC_IRQHandler
                0x00000458                FTM1_Ch6_Ch7_IRQHandler
                0x00000458                Reserved105_IRQHandler
                0x00000458                LPIT0_Ch1_IRQHandler
                0x00000458                FTM1_Ch4_Ch5_IRQHandler
                0x00000458                FTM3_Ovf_Reload_IRQHandler
                0x00000458                LPUART2_RxTx_IRQHandler
                0x00000458                LPSPI0_IRQHandler
                0x00000458                WDOG_EWM_IRQHandler
                0x00000458                MemManage_Handler
                0x00000458                Reserved90_IRQHandler
                0x00000458                Reserved83_IRQHandler
                0x00000458                FTM0_Fault_IRQHandler
                0x00000458                Reserved48_IRQHandler
                0x00000458                SVC_Handler
                0x00000458                ERM_single_fault_IRQHandler
                0x00000458                FTM2_Fault_IRQHandler
                0x00000458                FTM0_Ch2_Ch3_IRQHandler
                0x00000458                FTM0_Ch0_Ch1_IRQHandler
                0x00000458                FTM3_Fault_IRQHandler
                0x00000458                RCM_IRQHandler
                0x00000458                Reserved100_IRQHandler
                0x00000458                Reserved91_IRQHandler
                0x00000458                CAN1_ORed_IRQHandler
                0x00000458                SCG_IRQHandler
                0x00000458                PDB1_IRQHandler
                0x00000458                Reserved81_IRQHandler
                0x00000458                Reserved46_IRQHandler
                0x00000458                Reserved45_IRQHandler
                0x00000458                CAN0_Error_IRQHandler
                0x00000458                Reserved112_IRQHandler
                0x00000458                LPI2C0_Master_IRQHandler
                0x00000458                FTM1_Fault_IRQHandler
                0x00000458                Reserved106_IRQHandler
                0x00000458                LVD_LVW_IRQHandler
                0x00000458                LPIT0_Ch2_IRQHandler
                0x00000458                PORTA_IRQHandler
                0x00000458                MCM_IRQHandler
                0x00000458                LPSPI2_IRQHandler
                0x00000458                FTM3_Ch4_Ch5_IRQHandler
                0x00000458                CAN0_ORed_0_15_MB_IRQHandler
                0x00000458                PORTE_IRQHandler
                0x00000458                LPUART0_RxTx_IRQHandler
                0x00000458                LPTMR0_IRQHandler
                0x00000458                BusFault_Handler
                0x00000458                Reserved87_IRQHandler
                0x00000458                FTM1_Ovf_Reload_IRQHandler
                0x00000458                Reserved93_IRQHandler
                0x00000458                CAN0_Wake_Up_IRQHandler
                0x00000458                CMP0_IRQHandler
                0x00000458                Reserved52_IRQHandler
                0x00000458                PORTC_IRQHandler
                0x00000458                FTM1_Ch0_Ch1_IRQHandler
                0x00000458                FLEXIO_IRQHandler
                0x00000458                Reserved113_IRQHandler
 *fill*         0x0000045c        0x4 
 .text          0x00000460       0xa0 D:/NXP/S32DS.3.5/S32DS/build_tools/gcc_b1620/gcc-6.3-arm32-eabi/arm-none-eabi/newlib/lib/thumb/v7e-m/fpv4-sp/hard\libc_nano.a(lib_a-memchr.o)
                0x00000460                memchr
 *(.text*)
 .text.SystemInit
                0x00000500       0x3c ./SDK/platform/devices/S32K144/startup/system_S32K144.o
                0x00000500                SystemInit
 .text.init_data_bss
                0x0000053c       0xd8 ./SDK/platform/devices/startup.o
                0x0000053c                init_data_bss
 .text.ADC_DRV_InitConverterStruct
                0x00000614       0x1c ./SDK/platform/drivers/src/adc/adc_driver.o
                0x00000614                ADC_DRV_InitConverterStruct
 .text.ADC_DRV_ConfigConverter
                0x00000630      0x188 ./SDK/platform/drivers/src/adc/adc_driver.o
                0x00000630                ADC_DRV_ConfigConverter
 .text.ADC_DRV_ConfigChan
                0x000007b8       0x58 ./SDK/platform/drivers/src/adc/adc_driver.o
                0x000007b8                ADC_DRV_ConfigChan
 .text.ADC_DRV_SetSwPretrigger
                0x00000810       0x44 ./SDK/platform/drivers/src/adc/adc_driver.o
                0x00000810                ADC_DRV_SetSwPretrigger
 .text.ADC_DRV_Reset
                0x00000854       0x98 ./SDK/platform/drivers/src/adc/adc_driver.o
                0x00000854                ADC_DRV_Reset
 .text.ADC_DRV_GetChanResult
                0x000008ec       0x18 ./SDK/platform/drivers/src/adc/adc_driver.o
                0x000008ec                ADC_DRV_GetChanResult
 .text.ADC_DRV_AutoCalibration
                0x00000904      0x158 ./SDK/platform/drivers/src/adc/adc_driver.o
                0x00000904                ADC_DRV_AutoCalibration
 .text.ADC_DRV_GetInterruptNumber
                0x00000a5c        0xc ./SDK/platform/drivers/src/adc/adc_driver.o
                0x00000a5c                ADC_DRV_GetInterruptNumber
 .text.CLOCK_SYS_GetCurrentRunMode
                0x00000a68       0x24 ./SDK/platform/drivers/src/clock/S32K1xx/clock_S32K1xx.o
 .text.CLOCK_SYS_GetSysOscFreq
                0x00000a8c       0x1c ./SDK/platform/drivers/src/clock/S32K1xx/clock_S32K1xx.o
 .text.CLOCK_SYS_ConfigureSOSC
                0x00000aa8      0x12c ./SDK/platform/drivers/src/clock/S32K1xx/clock_S32K1xx.o
 .text.CLOCK_SYS_GetSircFreq
                0x00000bd4       0x2c ./SDK/platform/drivers/src/clock/S32K1xx/clock_S32K1xx.o
 .text.CLOCK_SYS_ConfigureSIRC
                0x00000c00       0xc4 ./SDK/platform/drivers/src/clock/S32K1xx/clock_S32K1xx.o
 .text.CLOCK_SYS_GetFircFreq
                0x00000cc4       0x20 ./SDK/platform/drivers/src/clock/S32K1xx/clock_S32K1xx.o
 .text.CLOCK_SYS_ConfigureFIRC
                0x00000ce4       0xb4 ./SDK/platform/drivers/src/clock/S32K1xx/clock_S32K1xx.o
 .text.CLOCK_SYS_GetSysPllFreq
                0x00000d98       0x44 ./SDK/platform/drivers/src/clock/S32K1xx/clock_S32K1xx.o
 .text.CLOCK_SYS_ConfigureSPLL
                0x00000ddc      0x104 ./SDK/platform/drivers/src/clock/S32K1xx/clock_S32K1xx.o
 .text.CLOCK_SYS_SetSystemClockConfig
                0x00000ee0      0x1e4 ./SDK/platform/drivers/src/clock/S32K1xx/clock_S32K1xx.o
 .text.CLOCK_SYS_TransitionSystemClock
                0x000010c4       0x3c ./SDK/platform/drivers/src/clock/S32K1xx/clock_S32K1xx.o
 .text.CLOCK_SYS_GetSystemClockFreq
                0x00001100       0x78 ./SDK/platform/drivers/src/clock/S32K1xx/clock_S32K1xx.o
 .text.CLOCK_SYS_GetScgClkOutFreq
                0x00001178       0x48 ./SDK/platform/drivers/src/clock/S32K1xx/clock_S32K1xx.o
 .text.CLOCK_SYS_GetSysAsyncFreq
                0x000011c0       0xdc ./SDK/platform/drivers/src/clock/S32K1xx/clock_S32K1xx.o
 .text.CLOCK_SYS_GetSimRtcClkFreq
                0x0000129c       0x50 ./SDK/platform/drivers/src/clock/S32K1xx/clock_S32K1xx.o
 .text.CLOCK_SYS_GetLpoFreq
                0x000012ec       0x4c ./SDK/platform/drivers/src/clock/S32K1xx/clock_S32K1xx.o
 .text.CLOCK_SYS_GetSimClkOutFreq
                0x00001338       0xac ./SDK/platform/drivers/src/clock/S32K1xx/clock_S32K1xx.o
 .text.CLOCK_SYS_GetSimClockFreq
                0x000013e4      0x1a8 ./SDK/platform/drivers/src/clock/S32K1xx/clock_S32K1xx.o
 .text.CLOCK_SYS_GetPeripheralClock
                0x0000158c       0xcc ./SDK/platform/drivers/src/clock/S32K1xx/clock_S32K1xx.o
 .text.CLOCK_DRV_Init
                0x00001658      0x618 ./SDK/platform/drivers/src/clock/S32K1xx/clock_S32K1xx.o
                0x00001658                CLOCK_DRV_Init
 .text.CLOCK_DRV_GetFreq
                0x00001c70      0x230 ./SDK/platform/drivers/src/clock/S32K1xx/clock_S32K1xx.o
                0x00001c70                CLOCK_DRV_GetFreq
 .text.CLOCK_SYS_GetFreq
                0x00001ea0        0x8 ./SDK/platform/drivers/src/clock/S32K1xx/clock_S32K1xx.o
                0x00001ea0                CLOCK_SYS_GetFreq
 .text.EDMA_DRV_InstallCallback
                0x00001ea8       0x20 ./SDK/platform/drivers/src/edma/edma_driver.o
                0x00001ea8                EDMA_DRV_InstallCallback
 .text.EDMA_DRV_IRQHandler
                0x00001ec8       0x2c ./SDK/platform/drivers/src/edma/edma_driver.o
                0x00001ec8                EDMA_DRV_IRQHandler
 .text.EDMA_DRV_ErrorIRQHandler
                0x00001ef4       0x3c ./SDK/platform/drivers/src/edma/edma_driver.o
                0x00001ef4                EDMA_DRV_ErrorIRQHandler
 .text.EDMA_DRV_ConfigSingleBlockTransfer
                0x00001f30      0x154 ./SDK/platform/drivers/src/edma/edma_driver.o
                0x00001f30                EDMA_DRV_ConfigSingleBlockTransfer
 .text.EDMA_DRV_ConfigMultiBlockTransfer
                0x00002084       0x64 ./SDK/platform/drivers/src/edma/edma_driver.o
                0x00002084                EDMA_DRV_ConfigMultiBlockTransfer
 .text.EDMA_DRV_StartChannel
                0x000020e8       0x18 ./SDK/platform/drivers/src/edma/edma_driver.o
                0x000020e8                EDMA_DRV_StartChannel
 .text.EDMA_DRV_StopChannel
                0x00002100       0x18 ./SDK/platform/drivers/src/edma/edma_driver.o
                0x00002100                EDMA_DRV_StopChannel
 .text.EDMA_DRV_SetSrcAddr
                0x00002118       0x14 ./SDK/platform/drivers/src/edma/edma_driver.o
                0x00002118                EDMA_DRV_SetSrcAddr
 .text.EDMA_DRV_SetMajorLoopIterationCount
                0x0000212c       0x14 ./SDK/platform/drivers/src/edma/edma_driver.o
                0x0000212c                EDMA_DRV_SetMajorLoopIterationCount
 .text.EDMA_DRV_GetDmaRegBaseAddr
                0x00002140        0x8 ./SDK/platform/drivers/src/edma/edma_driver.o
                0x00002140                EDMA_DRV_GetDmaRegBaseAddr
 .text.EDMA_SetDmaRequestCmd
                0x00002148        0xa ./SDK/platform/drivers/src/edma/edma_hw_access.o
                0x00002148                EDMA_SetDmaRequestCmd
 .text.EDMA_TCDClearReg
                0x00002152       0x4a ./SDK/platform/drivers/src/edma/edma_hw_access.o
                0x00002152                EDMA_TCDClearReg
 .text.EDMA_TCDSetAttribute
                0x0000219c       0x30 ./SDK/platform/drivers/src/edma/edma_hw_access.o
                0x0000219c                EDMA_TCDSetAttribute
 .text.EDMA_TCDSetNbytes
                0x000021cc       0x5c ./SDK/platform/drivers/src/edma/edma_hw_access.o
                0x000021cc                EDMA_TCDSetNbytes
 .text.EDMA_TCDSetMajorCount
                0x00002228       0x5e ./SDK/platform/drivers/src/edma/edma_hw_access.o
                0x00002228                EDMA_TCDSetMajorCount
 .text.DMA0_IRQHandler
                0x00002286        0xa ./SDK/platform/drivers/src/edma/edma_irq.o
                0x00002286                DMA0_IRQHandler
 .text.DMA1_IRQHandler
                0x00002290        0xa ./SDK/platform/drivers/src/edma/edma_irq.o
                0x00002290                DMA1_IRQHandler
 .text.DMA2_IRQHandler
                0x0000229a        0xa ./SDK/platform/drivers/src/edma/edma_irq.o
                0x0000229a                DMA2_IRQHandler
 .text.DMA3_IRQHandler
                0x000022a4        0xa ./SDK/platform/drivers/src/edma/edma_irq.o
                0x000022a4                DMA3_IRQHandler
 .text.DMA4_IRQHandler
                0x000022ae        0xa ./SDK/platform/drivers/src/edma/edma_irq.o
                0x000022ae                DMA4_IRQHandler
 .text.DMA5_IRQHandler
                0x000022b8        0xa ./SDK/platform/drivers/src/edma/edma_irq.o
                0x000022b8                DMA5_IRQHandler
 .text.DMA6_IRQHandler
                0x000022c2        0xa ./SDK/platform/drivers/src/edma/edma_irq.o
                0x000022c2                DMA6_IRQHandler
 .text.DMA7_IRQHandler
                0x000022cc        0xa ./SDK/platform/drivers/src/edma/edma_irq.o
                0x000022cc                DMA7_IRQHandler
 .text.DMA8_IRQHandler
                0x000022d6        0xa ./SDK/platform/drivers/src/edma/edma_irq.o
                0x000022d6                DMA8_IRQHandler
 .text.DMA9_IRQHandler
                0x000022e0        0xa ./SDK/platform/drivers/src/edma/edma_irq.o
                0x000022e0                DMA9_IRQHandler
 .text.DMA10_IRQHandler
                0x000022ea        0xa ./SDK/platform/drivers/src/edma/edma_irq.o
                0x000022ea                DMA10_IRQHandler
 .text.DMA11_IRQHandler
                0x000022f4        0xa ./SDK/platform/drivers/src/edma/edma_irq.o
                0x000022f4                DMA11_IRQHandler
 .text.DMA12_IRQHandler
                0x000022fe        0xa ./SDK/platform/drivers/src/edma/edma_irq.o
                0x000022fe                DMA12_IRQHandler
 .text.DMA13_IRQHandler
                0x00002308        0xa ./SDK/platform/drivers/src/edma/edma_irq.o
                0x00002308                DMA13_IRQHandler
 .text.DMA14_IRQHandler
                0x00002312        0xa ./SDK/platform/drivers/src/edma/edma_irq.o
                0x00002312                DMA14_IRQHandler
 .text.DMA15_IRQHandler
                0x0000231c        0xa ./SDK/platform/drivers/src/edma/edma_irq.o
                0x0000231c                DMA15_IRQHandler
 .text.DMA_Error_IRQHandler
                0x00002326       0x28 ./SDK/platform/drivers/src/edma/edma_irq.o
                0x00002326                DMA_Error_IRQHandler
 *fill*         0x0000234e        0x2 
 .text.INT_SYS_InstallHandler
                0x00002350       0x40 ./SDK/platform/drivers/src/interrupt/interrupt_manager.o
                0x00002350                INT_SYS_InstallHandler
 .text.INT_SYS_EnableIRQ
                0x00002390       0x18 ./SDK/platform/drivers/src/interrupt/interrupt_manager.o
                0x00002390                INT_SYS_EnableIRQ
 .text.INT_SYS_DisableIRQ
                0x000023a8       0x1c ./SDK/platform/drivers/src/interrupt/interrupt_manager.o
                0x000023a8                INT_SYS_DisableIRQ
 .text.INT_SYS_EnableIRQGlobal
                0x000023c4       0x1c ./SDK/platform/drivers/src/interrupt/interrupt_manager.o
                0x000023c4                INT_SYS_EnableIRQGlobal
 .text.INT_SYS_DisableIRQGlobal
                0x000023e0       0x10 ./SDK/platform/drivers/src/interrupt/interrupt_manager.o
                0x000023e0                INT_SYS_DisableIRQGlobal
 .text.LPUART_DRV_StartSendDataUsingInt
                0x000023f0       0x4c ./SDK/platform/drivers/src/lpuart/lpuart_driver.o
 .text.LPUART_DRV_StartSendDataUsingDma
                0x0000243c       0x80 ./SDK/platform/drivers/src/lpuart/lpuart_driver.o
 .text.LPUART_DRV_CompleteSendDataUsingInt
                0x000024bc       0x64 ./SDK/platform/drivers/src/lpuart/lpuart_driver.o
 .text.LPUART_DRV_StopTxDma
                0x00002520       0x64 ./SDK/platform/drivers/src/lpuart/lpuart_driver.o
 .text.LPUART_DRV_TxDmaCallback
                0x00002584       0x74 ./SDK/platform/drivers/src/lpuart/lpuart_driver.o
 .text.LPUART_DRV_PutData
                0x000025f8       0x44 ./SDK/platform/drivers/src/lpuart/lpuart_driver.o
 .text.LPUART_DRV_CompleteReceiveDataUsingInt
                0x0000263c       0x64 ./SDK/platform/drivers/src/lpuart/lpuart_driver.o
 .text.LPUART_DRV_StopRxDma
                0x000026a0       0x64 ./SDK/platform/drivers/src/lpuart/lpuart_driver.o
 .text.LPUART_DRV_GetData
                0x00002704       0x5c ./SDK/platform/drivers/src/lpuart/lpuart_driver.o
 .text.LPUART_DRV_SendData
                0x00002760       0x24 ./SDK/platform/drivers/src/lpuart/lpuart_driver.o
                0x00002760                LPUART_DRV_SendData
 .text.LPUART_DRV_SetBaudRate
                0x00002784       0xf0 ./SDK/platform/drivers/src/lpuart/lpuart_driver.o
                0x00002784                LPUART_DRV_SetBaudRate
 .text.LPUART_DRV_Init
                0x00002874       0xe0 ./SDK/platform/drivers/src/lpuart/lpuart_driver.o
                0x00002874                LPUART_DRV_Init
 .text.LPUART_DRV_IRQHandler
                0x00002954      0x284 ./SDK/platform/drivers/src/lpuart/lpuart_driver.o
                0x00002954                LPUART_DRV_IRQHandler
 .text.LPUART_Init
                0x00002bd8       0x24 ./SDK/platform/drivers/src/lpuart/lpuart_hw_access.o
                0x00002bd8                LPUART_Init
 .text.LPUART_SetBitCountPerChar
                0x00002bfc       0x30 ./SDK/platform/drivers/src/lpuart/lpuart_hw_access.o
                0x00002bfc                LPUART_SetBitCountPerChar
 .text.LPUART_SetParityMode
                0x00002c2c       0x1e ./SDK/platform/drivers/src/lpuart/lpuart_hw_access.o
                0x00002c2c                LPUART_SetParityMode
 .text.LPUART_Putchar9
                0x00002c4a       0x16 ./SDK/platform/drivers/src/lpuart/lpuart_hw_access.o
                0x00002c4a                LPUART_Putchar9
 .text.LPUART_Putchar10
                0x00002c60       0x22 ./SDK/platform/drivers/src/lpuart/lpuart_hw_access.o
                0x00002c60                LPUART_Putchar10
 .text.LPUART_Getchar9
                0x00002c82       0x12 ./SDK/platform/drivers/src/lpuart/lpuart_hw_access.o
                0x00002c82                LPUART_Getchar9
 .text.LPUART_Getchar10
                0x00002c94       0x1e ./SDK/platform/drivers/src/lpuart/lpuart_hw_access.o
                0x00002c94                LPUART_Getchar10
 .text.LPUART_SetIntMode
                0x00002cb2       0x70 ./SDK/platform/drivers/src/lpuart/lpuart_hw_access.o
                0x00002cb2                LPUART_SetIntMode
 .text.LPUART_GetIntMode
                0x00002d22       0x4a ./SDK/platform/drivers/src/lpuart/lpuart_hw_access.o
                0x00002d22                LPUART_GetIntMode
 .text.LPUART_GetStatusFlag
                0x00002d6c       0x4a ./SDK/platform/drivers/src/lpuart/lpuart_hw_access.o
                0x00002d6c                LPUART_GetStatusFlag
 *fill*         0x00002db6        0x2 
 .text.LPUART_SetErrorInterrupts
                0x00002db8       0x40 ./SDK/platform/drivers/src/lpuart/lpuart_hw_access.o
                0x00002db8                LPUART_SetErrorInterrupts
 .text.LPUART0_IrqHandler
                0x00002df8        0xa ./SDK/platform/drivers/src/lpuart/lpuart_irq.o
                0x00002df8                LPUART0_IrqHandler
 .text.LPUART1_IrqHandler
                0x00002e02        0xa ./SDK/platform/drivers/src/lpuart/lpuart_irq.o
                0x00002e02                LPUART1_IrqHandler
 .text.LPUART2_IrqHandler
                0x00002e0c        0xa ./SDK/platform/drivers/src/lpuart/lpuart_irq.o
                0x00002e0c                LPUART2_IrqHandler
 *fill*         0x00002e16        0x2 
 .text.PDB_DRV_Init
                0x00002e18       0x6c ./SDK/platform/drivers/src/pdb/pdb_driver.o
                0x00002e18                PDB_DRV_Init
 .text.PDB_DRV_Enable
                0x00002e84       0x14 ./SDK/platform/drivers/src/pdb/pdb_driver.o
                0x00002e84                PDB_DRV_Enable
 .text.PDB_DRV_SoftTriggerCmd
                0x00002e98       0x14 ./SDK/platform/drivers/src/pdb/pdb_driver.o
                0x00002e98                PDB_DRV_SoftTriggerCmd
 .text.PDB_DRV_LoadValuesCmd
                0x00002eac       0x14 ./SDK/platform/drivers/src/pdb/pdb_driver.o
                0x00002eac                PDB_DRV_LoadValuesCmd
 .text.PDB_DRV_ConfigAdcPreTrigger
                0x00002ec0       0x44 ./SDK/platform/drivers/src/pdb/pdb_driver.o
                0x00002ec0                PDB_DRV_ConfigAdcPreTrigger
 .text.PDB_DRV_SetAdcPreTriggerDelayValue
                0x00002f04       0x24 ./SDK/platform/drivers/src/pdb/pdb_driver.o
                0x00002f04                PDB_DRV_SetAdcPreTriggerDelayValue
 .text.PDB_Init
                0x00002f28       0x58 ./SDK/platform/drivers/src/pdb/pdb_hw_access.o
                0x00002f28                PDB_Init
 .text.PDB_ConfigTimer
                0x00002f80       0x5c ./SDK/platform/drivers/src/pdb/pdb_hw_access.o
                0x00002f80                PDB_ConfigTimer
 .text.PDB_SetAdcPreTriggerBackToBackEnable
                0x00002fdc       0x32 ./SDK/platform/drivers/src/pdb/pdb_hw_access.o
                0x00002fdc                PDB_SetAdcPreTriggerBackToBackEnable
 .text.PDB_SetAdcPreTriggerOutputEnable
                0x0000300e       0x2e ./SDK/platform/drivers/src/pdb/pdb_hw_access.o
                0x0000300e                PDB_SetAdcPreTriggerOutputEnable
 .text.PDB_SetAdcPreTriggerEnable
                0x0000303c       0x2a ./SDK/platform/drivers/src/pdb/pdb_hw_access.o
                0x0000303c                PDB_SetAdcPreTriggerEnable
 .text.PINS_DRV_Init
                0x00003066       0x20 ./SDK/platform/drivers/src/pins/pins_driver.o
                0x00003066                PINS_DRV_Init
 *fill*         0x00003086        0x2 
 .text.PINS_GetAdcInterleaveVal
                0x00003088       0x6c ./SDK/platform/drivers/src/pins/pins_port_hw_access.o
 .text.PINS_Init
                0x000030f4      0x114 ./SDK/platform/drivers/src/pins/pins_port_hw_access.o
                0x000030f4                PINS_Init
 .text.TRGMUX_DRV_SetTrigSourceForTargetModule
                0x00003208       0x28 ./SDK/platform/drivers/src/trgmux/trgmux_driver.o
                0x00003208                TRGMUX_DRV_SetTrigSourceForTargetModule
 .text.TRGMUX_SetTrigSourceForTargetModule
                0x00003230       0x26 ./SDK/platform/drivers/src/trgmux/trgmux_hw_access.o
                0x00003230                TRGMUX_SetTrigSourceForTargetModule
 .text.TRGMUX_GetLockForTargetModule
                0x00003256        0xa ./SDK/platform/drivers/src/trgmux/trgmux_hw_access.o
                0x00003256                TRGMUX_GetLockForTargetModule
 .text.ADC0_IRQHandler
                0x00003260        0xa ./SDK/platform/pal/src/adc/adc_irq.o
                0x00003260                ADC0_IRQHandler
 .text.ADC1_IRQHandler
                0x0000326a        0xa ./SDK/platform/pal/src/adc/adc_irq.o
                0x0000326a                ADC1_IRQHandler
 .text.ADC_PalStateUpdateStart
                0x00003274       0x64 ./SDK/platform/pal/src/adc/adc_pal.o
 .text.ADC_ConfigGroup
                0x000032d8      0x1a4 ./SDK/platform/pal/src/adc/adc_pal.o
 .text.ADC_Init
                0x0000347c       0x9c ./SDK/platform/pal/src/adc/adc_pal.o
                0x0000347c                ADC_Init
 .text.ADC_StartGroupConversion
                0x00003518       0x50 ./SDK/platform/pal/src/adc/adc_pal.o
                0x00003518                ADC_StartGroupConversion
 .text.ADC_S32K1xx_IrqHandler
                0x00003568       0xd0 ./SDK/platform/pal/src/adc/adc_pal.o
                0x00003568                ADC_S32K1xx_IrqHandler
 .text.SysTick_Handler
                0x00003638       0x10 ./SDK/rtos/osif/osif_baremetal.o
                0x00003638                SysTick_Handler
 .text.OSIF_TimeDelay
                0x00003648       0x60 ./SDK/rtos/osif/osif_baremetal.o
                0x00003648                OSIF_TimeDelay
 .text.OSIF_SemaPost
                0x000036a8       0x26 ./SDK/rtos/osif/osif_baremetal.o
                0x000036a8                OSIF_SemaPost
 .text.OSIF_SemaCreate
                0x000036ce       0x14 ./SDK/rtos/osif/osif_baremetal.o
                0x000036ce                OSIF_SemaCreate
 *fill*         0x000036e2        0x2 
 .text.main     0x000036e4       0xa8 ./src/main.o
                0x000036e4                main
 .text.sprintf  0x0000378c       0x48 D:/NXP/S32DS.3.5/S32DS/build_tools/gcc_b1620/gcc-6.3-arm32-eabi/arm-none-eabi/newlib/lib/thumb/v7e-m/fpv4-sp/hard\libc_nano.a(lib_a-sprintf.o)
                0x0000378c                siprintf
                0x0000378c                sprintf
 .text.__ssputs_r
                0x000037d4       0xb6 D:/NXP/S32DS.3.5/S32DS/build_tools/gcc_b1620/gcc-6.3-arm32-eabi/arm-none-eabi/newlib/lib/thumb/v7e-m/fpv4-sp/hard\libc_nano.a(lib_a-nano-svfprintf.o)
                0x000037d4                __ssputs_r
 *fill*         0x0000388a        0x2 
 .text._svfprintf_r
                0x0000388c      0x1ec D:/NXP/S32DS.3.5/S32DS/build_tools/gcc_b1620/gcc-6.3-arm32-eabi/arm-none-eabi/newlib/lib/thumb/v7e-m/fpv4-sp/hard\libc_nano.a(lib_a-nano-svfprintf.o)
                0x0000388c                _svfiprintf_r
                0x0000388c                _svfprintf_r
 .text._printf_common
                0x00003a78       0xec D:/NXP/S32DS.3.5/S32DS/build_tools/gcc_b1620/gcc-6.3-arm32-eabi/arm-none-eabi/newlib/lib/thumb/v7e-m/fpv4-sp/hard\libc_nano.a(lib_a-nano-vfprintf_i.o)
                0x00003a78                _printf_common
 .text._printf_i
                0x00003b64      0x240 D:/NXP/S32DS.3.5/S32DS/build_tools/gcc_b1620/gcc-6.3-arm32-eabi/arm-none-eabi/newlib/lib/thumb/v7e-m/fpv4-sp/hard\libc_nano.a(lib_a-nano-vfprintf_i.o)
                0x00003b64                _printf_i
 .text.memcpy   0x00003da4       0x1c D:/NXP/S32DS.3.5/S32DS/build_tools/gcc_b1620/gcc-6.3-arm32-eabi/arm-none-eabi/newlib/lib/thumb/v7e-m/fpv4-sp/hard\libc_nano.a(lib_a-memcpy-stub.o)
                0x00003da4                memcpy
 .text.memmove  0x00003dc0       0x34 D:/NXP/S32DS.3.5/S32DS/build_tools/gcc_b1620/gcc-6.3-arm32-eabi/arm-none-eabi/newlib/lib/thumb/v7e-m/fpv4-sp/hard\libc_nano.a(lib_a-memmove.o)
                0x00003dc0                memmove
 .text._free_r  0x00003df4       0x9c D:/NXP/S32DS.3.5/S32DS/build_tools/gcc_b1620/gcc-6.3-arm32-eabi/arm-none-eabi/newlib/lib/thumb/v7e-m/fpv4-sp/hard\libc_nano.a(lib_a-nano-freer.o)
                0x00003df4                _free_r
 .text._malloc_r
                0x00003e90       0xbc D:/NXP/S32DS.3.5/S32DS/build_tools/gcc_b1620/gcc-6.3-arm32-eabi/arm-none-eabi/newlib/lib/thumb/v7e-m/fpv4-sp/hard\libc_nano.a(lib_a-nano-mallocr.o)
                0x00003e90                _malloc_r
 .text._realloc_r
                0x00003f4c       0x4c D:/NXP/S32DS.3.5/S32DS/build_tools/gcc_b1620/gcc-6.3-arm32-eabi/arm-none-eabi/newlib/lib/thumb/v7e-m/fpv4-sp/hard\libc_nano.a(lib_a-nano-reallocr.o)
                0x00003f4c                _realloc_r
 .text._sbrk_r  0x00003f98       0x20 D:/NXP/S32DS.3.5/S32DS/build_tools/gcc_b1620/gcc-6.3-arm32-eabi/arm-none-eabi/newlib/lib/thumb/v7e-m/fpv4-sp/hard\libc_nano.a(lib_a-sbrkr.o)
                0x00003f98                _sbrk_r
 .text.__malloc_lock
                0x00003fb8        0x2 D:/NXP/S32DS.3.5/S32DS/build_tools/gcc_b1620/gcc-6.3-arm32-eabi/arm-none-eabi/newlib/lib/thumb/v7e-m/fpv4-sp/hard\libc_nano.a(lib_a-mlock.o)
                0x00003fb8                __malloc_lock
 .text.__malloc_unlock
                0x00003fba        0x2 D:/NXP/S32DS.3.5/S32DS/build_tools/gcc_b1620/gcc-6.3-arm32-eabi/arm-none-eabi/newlib/lib/thumb/v7e-m/fpv4-sp/hard\libc_nano.a(lib_a-mlock.o)
                0x00003fba                __malloc_unlock
 .text._malloc_usable_size_r
                0x00003fbc       0x12 D:/NXP/S32DS.3.5/S32DS/build_tools/gcc_b1620/gcc-6.3-arm32-eabi/arm-none-eabi/newlib/lib/thumb/v7e-m/fpv4-sp/hard\libc_nano.a(lib_a-nano-msizer.o)
                0x00003fbc                _malloc_usable_size_r
 *fill*         0x00003fce        0x2 
 .text._sbrk    0x00003fd0       0x1c D:/NXP/S32DS.3.5/S32DS/build_tools/gcc_b1620/gcc-6.3-arm32-eabi/arm-none-eabi/newlib/lib/thumb/v7e-m/fpv4-sp/hard\libnosys.a(sbrk.o)
                0x00003fd0                _sbrk
 *(.rodata)
 *(.rodata*)
 .rodata.adcIrqId.7375
                0x00003fec        0x2 ./SDK/platform/drivers/src/adc/adc_driver.o
 *fill*         0x00003fee        0x2 
 .rodata.s_adcBase
                0x00003ff0        0x8 ./SDK/platform/drivers/src/adc/adc_driver.o
 .rodata.clockNameMappings
                0x00003ff8       0x9e ./SDK/platform/drivers/src/clock/S32K1xx/clock_S32K1xx.o
                0x00003ff8                clockNameMappings
 *fill*         0x00004096        0x2 
 .rodata.maxSysClksInHSRUN.7627
                0x00004098       0x54 ./SDK/platform/drivers/src/clock/S32K1xx/clock_S32K1xx.o
 .rodata.maxSysClksInRUN.7626
                0x000040ec       0x54 ./SDK/platform/drivers/src/clock/S32K1xx/clock_S32K1xx.o
 .rodata.maxSysClksInVLPR.7625
                0x00004140       0x54 ./SDK/platform/drivers/src/clock/S32K1xx/clock_S32K1xx.o
 .rodata.peripheralFeaturesList
                0x00004194       0x4f ./SDK/platform/drivers/src/clock/S32K1xx/clock_S32K1xx.o
                0x00004194                peripheralFeaturesList
 *fill*         0x000041e3        0x1 
 .rodata.s_lpuartBase
                0x000041e4        0xc ./SDK/platform/drivers/src/lpuart/lpuart_driver.o
 .rodata.s_lpuartClkNames
                0x000041f0        0x3 ./SDK/platform/drivers/src/lpuart/lpuart_driver.o
 *fill*         0x000041f3        0x1 
 .rodata.s_lpuartRxTxIrqId
                0x000041f4        0x3 ./SDK/platform/drivers/src/lpuart/lpuart_driver.o
 *fill*         0x000041f7        0x1 
 .rodata.s_pdbBase
                0x000041f8        0x8 ./SDK/platform/drivers/src/pdb/pdb_driver.o
 .rodata.s_pdbClkNames.7040
                0x00004200        0x2 ./SDK/platform/drivers/src/pdb/pdb_driver.o
 *fill*         0x00004202        0x2 
 .rodata.s_pdbIrqId
                0x00004204        0x2 ./SDK/platform/drivers/src/pdb/pdb_driver.o
 *fill*         0x00004206        0x2 
 .rodata.adcPalTrgmuxTarget
                0x00004208        0x2 ./SDK/platform/pal/src/adc/adc_pal.o
 *fill*         0x0000420a        0x2 
 .rodata.adc_pal_1_config
                0x0000420c        0xc ./board/peripherals_adc_pal_1.o
                0x0000420c                adc_pal_1_config
 .rodata.adc_pal_1_groupArray
                0x00004218       0x20 ./board/peripherals_adc_pal_1.o
                0x00004218                adc_pal_1_groupArray
 .rodata.adc_pal_1_instance
                0x00004238        0x8 ./board/peripherals_adc_pal_1.o
                0x00004238                adc_pal_1_instance
 .rodata.lpuart_0_InitConfig0
                0x00004240        0xc ./board/peripherals_lpuart_1.o
                0x00004240                lpuart_0_InitConfig0
 .rodata.main.str1.4
                0x0000424c       0x20 ./src/main.o
                                 0x1f (size before relaxing)
 .rodata._svfprintf_r.str1.1
                0x0000426c       0x11 D:/NXP/S32DS.3.5/S32DS/build_tools/gcc_b1620/gcc-6.3-arm32-eabi/arm-none-eabi/newlib/lib/thumb/v7e-m/fpv4-sp/hard\libc_nano.a(lib_a-nano-svfprintf.o)
 .rodata._printf_i.str1.1
                0x0000427d       0x22 D:/NXP/S32DS.3.5/S32DS/build_tools/gcc_b1620/gcc-6.3-arm32-eabi/arm-none-eabi/newlib/lib/thumb/v7e-m/fpv4-sp/hard\libc_nano.a(lib_a-nano-vfprintf_i.o)
 *(.init)
 *fill*         0x0000429f        0x1 
 .init          0x000042a0        0x4 d:/nxp/s32ds.3.5/s32ds/build_tools/gcc_b1620/gcc-6.3-arm32-eabi/bin/../lib/gcc/arm-none-eabi/6.3.1/thumb/v7e-m/fpv4-sp/hard/crti.o
                0x000042a0                _init
 *(.fini)
 .fini          0x000042a4        0x4 d:/nxp/s32ds.3.5/s32ds/build_tools/gcc_b1620/gcc-6.3-arm32-eabi/bin/../lib/gcc/arm-none-eabi/6.3.1/thumb/v7e-m/fpv4-sp/hard/crti.o
                0x000042a4                _fini
 *(.eh_frame)
                0x000042a8                . = ALIGN (0x4)

.glue_7         0x000042a8        0x0
 .glue_7        0x000042a8        0x0 linker stubs

.glue_7t        0x000042a8        0x0
 .glue_7t       0x000042a8        0x0 linker stubs

.vfp11_veneer   0x000042a8        0x0
 .vfp11_veneer  0x000042a8        0x0 linker stubs

.v4_bx          0x000042a8        0x0
 .v4_bx         0x000042a8        0x0 linker stubs

.iplt           0x000042a8        0x0
 .iplt          0x000042a8        0x0 ./Project_Settings/Startup_Code/startup_S32K144.o

.rel.dyn        0x000042a8        0x0
 .rel.iplt      0x000042a8        0x0 ./Project_Settings/Startup_Code/startup_S32K144.o

.ARM            0x000042a8        0x0
                0x000042a8                __exidx_start = .
 *(.ARM.exidx*)
                0x000042a8                __exidx_end = .
                0x000042a8                __etext = .
                0x000042a8                __DATA_ROM = .

.interrupts_ram
                0x1fff8000      0x400
                0x1fff8000                . = ALIGN (0x4)
                0x1fff8000                __VECTOR_RAM__ = .
                0x1fff8000                __RAM_START = .
                0x1fff8000                __interrupts_ram_start__ = .
 *(.m_interrupts_ram)
                0x1fff8400                . = (. + M_VECTOR_RAM_SIZE)
 *fill*         0x1fff8000      0x400 
                0x1fff8400                . = ALIGN (0x4)
                0x1fff8400                __interrupts_ram_end__ = .
                0x1fff8000                __VECTOR_RAM = DEFINED (__flash_vector_table__)?ORIGIN (m_interrupts):__VECTOR_RAM__
                0x00000400                __RAM_VECTOR_TABLE_SIZE = DEFINED (__flash_vector_table__)?0x0:(__interrupts_ram_end__ - __interrupts_ram_start__)

.data           0x1fff8400      0x290 load address 0x000042a8
                0x1fff8400                . = ALIGN (0x4)
                0x1fff8400                __DATA_RAM = .
                0x1fff8400                __data_start__ = .
 *(.data)
 *(.data*)
 .data.peripheralClockConfig.7374
                0x1fff8400       0xa0 ./SDK/platform/drivers/src/clock/S32K1xx/clock_S32K1xx.o
 .data.g_lpuartIsr
                0x1fff84a0        0xc ./SDK/platform/drivers/src/lpuart/lpuart_irq.o
                0x1fff84a0                g_lpuartIsr
 .data.first_init.6874
                0x1fff84ac        0x1 ./SDK/rtos/osif/osif_baremetal.o
 *fill*         0x1fff84ad        0x3 
 .data.clockMan1_InitConfig0
                0x1fff84b0       0x88 ./board/clock_config.o
                0x1fff84b0                clockMan1_InitConfig0
 .data.peripheralClockConfig0
                0x1fff8538       0xa0 ./board/clock_config.o
                0x1fff8538                peripheralClockConfig0
 .data.adc_pal_1_channelsArray0
                0x1fff85d8        0x2 ./board/peripherals_adc_pal_1.o
                0x1fff85d8                adc_pal_1_channelsArray0
 *fill*         0x1fff85da        0x2 
 .data.adc_pal_1_extensionConfig
                0x1fff85dc        0x6 ./board/peripherals_adc_pal_1.o
 *fill*         0x1fff85e2        0x2 
 .data.g_pin_mux_InitConfigArr0
                0x1fff85e4       0x48 ./board/pin_mux.o
                0x1fff85e4                g_pin_mux_InitConfigArr0
 .data._impure_ptr
                0x1fff862c        0x4 D:/NXP/S32DS.3.5/S32DS/build_tools/gcc_b1620/gcc-6.3-arm32-eabi/arm-none-eabi/newlib/lib/thumb/v7e-m/fpv4-sp/hard\libc_nano.a(lib_a-impure.o)
                0x1fff862c                _impure_ptr
 .data.impure_data
                0x1fff8630       0x60 D:/NXP/S32DS.3.5/S32DS/build_tools/gcc_b1620/gcc-6.3-arm32-eabi/arm-none-eabi/newlib/lib/thumb/v7e-m/fpv4-sp/hard\libc_nano.a(lib_a-impure.o)
                0x1fff8690                . = ALIGN (0x4)
                0x1fff8690                __data_end__ = .
                0x00004538                __DATA_END = (__DATA_ROM + (__data_end__ - __data_start__))
                0x00004538                __CODE_ROM = __DATA_END

.igot.plt       0x1fff8690        0x0 load address 0x00004538
 .igot.plt      0x1fff8690        0x0 ./Project_Settings/Startup_Code/startup_S32K144.o

.code           0x1fff8690        0x0 load address 0x00004538
                0x1fff8690                . = ALIGN (0x4)
                0x1fff8690                __CODE_RAM = .
                0x1fff8690                __code_start__ = .
                0x1fff8690                __code_ram_start__ = .
 *(.code_ram)
                0x1fff8690                . = ALIGN (0x4)
                0x1fff8690                __code_end__ = .
                0x1fff8690                __code_ram_end__ = .
                0x00004538                __CODE_END = (__CODE_ROM + (__code_end__ - __code_start__))
                0x00004538                __CUSTOM_ROM = __CODE_END

.customSectionBlock
                0x20000000        0x0 load address 0x00004538
                0x20000000                __customSection_start__ = .
 *(.customSection)
                0x20000000                __customSection_end__ = .
                0x00004538                __CUSTOM_END = (__CUSTOM_ROM + (__customSection_end__ - __customSection_start__))
                0x00004538                __rom_end = __CUSTOM_END

.bss            0x20000000       0xf8
                0x20000000                . = ALIGN (0x4)
                0x20000000                __BSS_START = .
                0x20000000                __bss_start__ = .
 *(.bss)
 *(.bss*)
 .bss.g_RtcClkInFreq
                0x20000000        0x4 ./SDK/platform/drivers/src/clock/S32K1xx/clock_S32K1xx.o
                0x20000000                g_RtcClkInFreq
 .bss.g_TClkFreq
                0x20000004        0xc ./SDK/platform/drivers/src/clock/S32K1xx/clock_S32K1xx.o
                0x20000004                g_TClkFreq
 .bss.g_xtal0ClkFreq
                0x20000010        0x4 ./SDK/platform/drivers/src/clock/S32K1xx/clock_S32K1xx.o
                0x20000010                g_xtal0ClkFreq
 .bss.s_virtEdmaState
                0x20000014        0x4 ./SDK/platform/drivers/src/edma/edma_driver.o
 .bss.g_interruptDisableCount
                0x20000018        0x4 ./SDK/platform/drivers/src/interrupt/interrupt_manager.o
 .bss.s_lpuartStatePtr
                0x2000001c        0xc ./SDK/platform/drivers/src/lpuart/lpuart_driver.o
 .bss.adcPalState
                0x20000028       0x38 ./SDK/platform/pal/src/adc/adc_pal.o
 .bss.s_osif_tick_cnt
                0x20000060        0x4 ./SDK/rtos/osif/osif_baremetal.o
 .bss.adc_pal_1_results0
                0x20000064        0x4 ./board/peripherals_adc_pal_1.o
                0x20000064                adc_pal_1_results0
 .bss.lpUartState0
                0x20000068       0x34 ./board/peripherals_lpuart_1.o
                0x20000068                lpUartState0
 .bss.adcValue  0x2000009c        0x2 ./src/main.o
                0x2000009c                adcValue
 *fill*         0x2000009e        0x2 
 .bss.len       0x200000a0        0x4 ./src/main.o
                0x200000a0                len
 .bss.txBuff    0x200000a4       0x40 ./src/main.o
                0x200000a4                txBuff
 .bss.voltage   0x200000e4        0x2 ./src/main.o
                0x200000e4                voltage
 *fill*         0x200000e6        0x2 
 .bss.__malloc_free_list
                0x200000e8        0x4 D:/NXP/S32DS.3.5/S32DS/build_tools/gcc_b1620/gcc-6.3-arm32-eabi/arm-none-eabi/newlib/lib/thumb/v7e-m/fpv4-sp/hard\libc_nano.a(lib_a-nano-mallocr.o)
                0x200000e8                __malloc_free_list
 .bss.__malloc_sbrk_start
                0x200000ec        0x4 D:/NXP/S32DS.3.5/S32DS/build_tools/gcc_b1620/gcc-6.3-arm32-eabi/arm-none-eabi/newlib/lib/thumb/v7e-m/fpv4-sp/hard\libc_nano.a(lib_a-nano-mallocr.o)
                0x200000ec                __malloc_sbrk_start
 .bss.errno     0x200000f0        0x4 D:/NXP/S32DS.3.5/S32DS/build_tools/gcc_b1620/gcc-6.3-arm32-eabi/arm-none-eabi/newlib/lib/thumb/v7e-m/fpv4-sp/hard\libc_nano.a(lib_a-reent.o)
                0x200000f0                errno
 .bss.heap_end.5365
                0x200000f4        0x4 D:/NXP/S32DS.3.5/S32DS/build_tools/gcc_b1620/gcc-6.3-arm32-eabi/arm-none-eabi/newlib/lib/thumb/v7e-m/fpv4-sp/hard\libnosys.a(sbrk.o)
 *(COMMON)
                0x200000f8                . = ALIGN (0x4)
                0x200000f8                __bss_end__ = .
                0x200000f8                __BSS_END = .

.heap           0x200000f8      0x400
                0x200000f8                . = ALIGN (0x8)
                0x200000f8                __end__ = .
                0x200000f8                __heap_start__ = .
                0x200000f8                PROVIDE (end = .)
                [!provide]                PROVIDE (_end = .)
                [!provide]                PROVIDE (__end = .)
                0x200000f8                __HeapBase = .
                0x200004f8                . = (. + HEAP_SIZE)
 *fill*         0x200000f8      0x400 
                0x200004f8                __HeapLimit = .
                0x200004f8                __heap_limit = .
                0x200004f8                __heap_end__ = .
                0x20007000                __StackTop = (ORIGIN (m_data_2) + LENGTH (m_data_2))
                0x20006c00                __StackLimit = (__StackTop - STACK_SIZE)
                0x20007000                PROVIDE (__stack = __StackTop)
                0x20007000                __RAM_END = __StackTop

.stack          0x20006c00      0x400
                0x20006c00                . = ALIGN (0x8)
                0x20006c00                __stack_start__ = .
                0x20007000                . = (. + STACK_SIZE)
 *fill*         0x20006c00      0x400 
                0x20007000                __stack_end__ = .

.ARM.attributes
                0x00000000       0x30
 *(.ARM.attributes)
 .ARM.attributes
                0x00000000       0x22 d:/nxp/s32ds.3.5/s32ds/build_tools/gcc_b1620/gcc-6.3-arm32-eabi/bin/../lib/gcc/arm-none-eabi/6.3.1/thumb/v7e-m/fpv4-sp/hard/crti.o
 .ARM.attributes
                0x00000022       0x1f ./Project_Settings/Startup_Code/startup_S32K144.o
 .ARM.attributes
                0x00000041       0x39 ./SDK/platform/devices/S32K144/startup/system_S32K144.o
 .ARM.attributes
                0x0000007a       0x39 ./SDK/platform/devices/startup.o
 .ARM.attributes
                0x000000b3       0x39 ./SDK/platform/drivers/src/adc/adc_driver.o
 .ARM.attributes
                0x000000ec       0x39 ./SDK/platform/drivers/src/clock/S32K1xx/clock_S32K1xx.o
 .ARM.attributes
                0x00000125       0x39 ./SDK/platform/drivers/src/edma/edma_driver.o
 .ARM.attributes
                0x0000015e       0x39 ./SDK/platform/drivers/src/edma/edma_hw_access.o
 .ARM.attributes
                0x00000197       0x39 ./SDK/platform/drivers/src/edma/edma_irq.o
 .ARM.attributes
                0x000001d0       0x39 ./SDK/platform/drivers/src/interrupt/interrupt_manager.o
 .ARM.attributes
                0x00000209       0x39 ./SDK/platform/drivers/src/lpuart/lpuart_driver.o
 .ARM.attributes
                0x00000242       0x39 ./SDK/platform/drivers/src/lpuart/lpuart_hw_access.o
 .ARM.attributes
                0x0000027b       0x39 ./SDK/platform/drivers/src/lpuart/lpuart_irq.o
 .ARM.attributes
                0x000002b4       0x39 ./SDK/platform/drivers/src/pdb/pdb_driver.o
 .ARM.attributes
                0x000002ed       0x39 ./SDK/platform/drivers/src/pdb/pdb_hw_access.o
 .ARM.attributes
                0x00000326       0x39 ./SDK/platform/drivers/src/pins/pins_driver.o
 .ARM.attributes
                0x0000035f       0x39 ./SDK/platform/drivers/src/pins/pins_port_hw_access.o
 .ARM.attributes
                0x00000398       0x39 ./SDK/platform/drivers/src/trgmux/trgmux_driver.o
 .ARM.attributes
                0x000003d1       0x39 ./SDK/platform/drivers/src/trgmux/trgmux_hw_access.o
 .ARM.attributes
                0x0000040a       0x39 ./SDK/platform/pal/src/adc/adc_irq.o
 .ARM.attributes
                0x00000443       0x39 ./SDK/platform/pal/src/adc/adc_pal.o
 .ARM.attributes
                0x0000047c       0x39 ./SDK/rtos/osif/osif_baremetal.o
 .ARM.attributes
                0x000004b5       0x39 ./board/clock_config.o
 .ARM.attributes
                0x000004ee       0x39 ./board/peripherals_adc_pal_1.o
 .ARM.attributes
                0x00000527       0x39 ./board/peripherals_lpuart_1.o
 .ARM.attributes
                0x00000560       0x39 ./board/pin_mux.o
 .ARM.attributes
                0x00000599       0x39 ./src/main.o
 .ARM.attributes
                0x000005d2       0x34 D:/NXP/S32DS.3.5/S32DS/build_tools/gcc_b1620/gcc-6.3-arm32-eabi/arm-none-eabi/newlib/lib/thumb/v7e-m/fpv4-sp/hard\libc_nano.a(lib_a-impure.o)
 .ARM.attributes
                0x00000606       0x34 D:/NXP/S32DS.3.5/S32DS/build_tools/gcc_b1620/gcc-6.3-arm32-eabi/arm-none-eabi/newlib/lib/thumb/v7e-m/fpv4-sp/hard\libc_nano.a(lib_a-sprintf.o)
 .ARM.attributes
                0x0000063a       0x34 D:/NXP/S32DS.3.5/S32DS/build_tools/gcc_b1620/gcc-6.3-arm32-eabi/arm-none-eabi/newlib/lib/thumb/v7e-m/fpv4-sp/hard\libc_nano.a(lib_a-nano-svfprintf.o)
 .ARM.attributes
                0x0000066e       0x34 D:/NXP/S32DS.3.5/S32DS/build_tools/gcc_b1620/gcc-6.3-arm32-eabi/arm-none-eabi/newlib/lib/thumb/v7e-m/fpv4-sp/hard\libc_nano.a(lib_a-nano-vfprintf_i.o)
 .ARM.attributes
                0x000006a2       0x20 D:/NXP/S32DS.3.5/S32DS/build_tools/gcc_b1620/gcc-6.3-arm32-eabi/arm-none-eabi/newlib/lib/thumb/v7e-m/fpv4-sp/hard\libc_nano.a(lib_a-memchr.o)
 .ARM.attributes
                0x000006c2       0x34 D:/NXP/S32DS.3.5/S32DS/build_tools/gcc_b1620/gcc-6.3-arm32-eabi/arm-none-eabi/newlib/lib/thumb/v7e-m/fpv4-sp/hard\libc_nano.a(lib_a-memcpy-stub.o)
 .ARM.attributes
                0x000006f6       0x34 D:/NXP/S32DS.3.5/S32DS/build_tools/gcc_b1620/gcc-6.3-arm32-eabi/arm-none-eabi/newlib/lib/thumb/v7e-m/fpv4-sp/hard\libc_nano.a(lib_a-memmove.o)
 .ARM.attributes
                0x0000072a       0x34 D:/NXP/S32DS.3.5/S32DS/build_tools/gcc_b1620/gcc-6.3-arm32-eabi/arm-none-eabi/newlib/lib/thumb/v7e-m/fpv4-sp/hard\libc_nano.a(lib_a-nano-freer.o)
 .ARM.attributes
                0x0000075e       0x34 D:/NXP/S32DS.3.5/S32DS/build_tools/gcc_b1620/gcc-6.3-arm32-eabi/arm-none-eabi/newlib/lib/thumb/v7e-m/fpv4-sp/hard\libc_nano.a(lib_a-nano-mallocr.o)
 .ARM.attributes
                0x00000792       0x34 D:/NXP/S32DS.3.5/S32DS/build_tools/gcc_b1620/gcc-6.3-arm32-eabi/arm-none-eabi/newlib/lib/thumb/v7e-m/fpv4-sp/hard\libc_nano.a(lib_a-nano-reallocr.o)
 .ARM.attributes
                0x000007c6       0x34 D:/NXP/S32DS.3.5/S32DS/build_tools/gcc_b1620/gcc-6.3-arm32-eabi/arm-none-eabi/newlib/lib/thumb/v7e-m/fpv4-sp/hard\libc_nano.a(lib_a-sbrkr.o)
 .ARM.attributes
                0x000007fa       0x34 D:/NXP/S32DS.3.5/S32DS/build_tools/gcc_b1620/gcc-6.3-arm32-eabi/arm-none-eabi/newlib/lib/thumb/v7e-m/fpv4-sp/hard\libc_nano.a(lib_a-mlock.o)
 .ARM.attributes
                0x0000082e       0x34 D:/NXP/S32DS.3.5/S32DS/build_tools/gcc_b1620/gcc-6.3-arm32-eabi/arm-none-eabi/newlib/lib/thumb/v7e-m/fpv4-sp/hard\libc_nano.a(lib_a-nano-msizer.o)
 .ARM.attributes
                0x00000862       0x34 D:/NXP/S32DS.3.5/S32DS/build_tools/gcc_b1620/gcc-6.3-arm32-eabi/arm-none-eabi/newlib/lib/thumb/v7e-m/fpv4-sp/hard\libc_nano.a(lib_a-reent.o)
 .ARM.attributes
                0x00000896       0x34 D:/NXP/S32DS.3.5/S32DS/build_tools/gcc_b1620/gcc-6.3-arm32-eabi/arm-none-eabi/newlib/lib/thumb/v7e-m/fpv4-sp/hard\libnosys.a(sbrk.o)
                0x00000001                ASSERT ((__rom_end <= (ORIGIN (m_text) + LENGTH (m_text))), Region m_text overflowed!)
                0x00000001                ASSERT ((__StackLimit >= __HeapLimit), region m_data_2 overflowed with stack and heap)
OUTPUT(expt12_uart_adc.elf elf32-littlearm)

.debug_line     0x00000000     0x6aa1
 .debug_line    0x00000000       0x82 ./Project_Settings/Startup_Code/startup_S32K144.o
 .debug_line    0x00000082      0x25b ./SDK/platform/devices/S32K144/startup/system_S32K144.o
 .debug_line    0x000002dd      0x16f ./SDK/platform/devices/startup.o
 .debug_line    0x0000044c      0x76c ./SDK/platform/drivers/src/adc/adc_driver.o
 .debug_line    0x00000bb8     0x1175 ./SDK/platform/drivers/src/clock/S32K1xx/clock_S32K1xx.o
 .debug_line    0x00001d2d      0x889 ./SDK/platform/drivers/src/edma/edma_driver.o
 .debug_line    0x000025b6      0x347 ./SDK/platform/drivers/src/edma/edma_hw_access.o
 .debug_line    0x000028fd      0x2df ./SDK/platform/drivers/src/edma/edma_irq.o
 .debug_line    0x00002bdc      0x338 ./SDK/platform/drivers/src/interrupt/interrupt_manager.o
 .debug_line    0x00002f14      0x951 ./SDK/platform/drivers/src/lpuart/lpuart_driver.o
 .debug_line    0x00003865      0x3b5 ./SDK/platform/drivers/src/lpuart/lpuart_hw_access.o
 .debug_line    0x00003c1a       0xc3 ./SDK/platform/drivers/src/lpuart/lpuart_irq.o
 .debug_line    0x00003cdd      0x4ce ./SDK/platform/drivers/src/pdb/pdb_driver.o
 .debug_line    0x000041ab      0x338 ./SDK/platform/drivers/src/pdb/pdb_hw_access.o
 .debug_line    0x000044e3      0x49d ./SDK/platform/drivers/src/pins/pins_driver.o
 .debug_line    0x00004980      0x2ca ./SDK/platform/drivers/src/pins/pins_port_hw_access.o
 .debug_line    0x00004c4a      0x2e7 ./SDK/platform/drivers/src/trgmux/trgmux_driver.o
 .debug_line    0x00004f31      0x2b8 ./SDK/platform/drivers/src/trgmux/trgmux_hw_access.o
 .debug_line    0x000051e9      0x1bb ./SDK/platform/pal/src/adc/adc_irq.o
 .debug_line    0x000053a4      0x5d3 ./SDK/platform/pal/src/adc/adc_pal.o
 .debug_line    0x00005977      0x3ce ./SDK/rtos/osif/osif_baremetal.o
 .debug_line    0x00005d45      0x225 ./board/clock_config.o
 .debug_line    0x00005f6a      0x2ee ./board/peripherals_adc_pal_1.o
 .debug_line    0x00006258      0x1de ./board/peripherals_lpuart_1.o
 .debug_line    0x00006436      0x1a9 ./board/pin_mux.o
 .debug_line    0x000065df      0x4c2 ./src/main.o

.debug_info     0x00000000    0x1ed52
 .debug_info    0x00000000       0x26 ./Project_Settings/Startup_Code/startup_S32K144.o
 .debug_info    0x00000026      0x521 ./SDK/platform/devices/S32K144/startup/system_S32K144.o
 .debug_info    0x00000547      0x2ad ./SDK/platform/devices/startup.o
 .debug_info    0x000007f4     0x2eca ./SDK/platform/drivers/src/adc/adc_driver.o
 .debug_info    0x000036be     0x5c5e ./SDK/platform/drivers/src/clock/S32K1xx/clock_S32K1xx.o
 .debug_info    0x0000931c     0x3770 ./SDK/platform/drivers/src/edma/edma_driver.o
 .debug_info    0x0000ca8c      0x95d ./SDK/platform/drivers/src/edma/edma_hw_access.o
 .debug_info    0x0000d3e9      0x6da ./SDK/platform/drivers/src/edma/edma_irq.o
 .debug_info    0x0000dac3      0x997 ./SDK/platform/drivers/src/interrupt/interrupt_manager.o
 .debug_info    0x0000e45a     0x2ffd ./SDK/platform/drivers/src/lpuart/lpuart_driver.o
 .debug_info    0x00011457      0x96c ./SDK/platform/drivers/src/lpuart/lpuart_hw_access.o
 .debug_info    0x00011dc3      0x127 ./SDK/platform/drivers/src/lpuart/lpuart_irq.o
 .debug_info    0x00011eea     0x18b4 ./SDK/platform/drivers/src/pdb/pdb_driver.o
 .debug_info    0x0001379e      0x754 ./SDK/platform/drivers/src/pdb/pdb_hw_access.o
 .debug_info    0x00013ef2     0x13d5 ./SDK/platform/drivers/src/pins/pins_driver.o
 .debug_info    0x000152c7      0x8a8 ./SDK/platform/drivers/src/pins/pins_port_hw_access.o
 .debug_info    0x00015b6f      0xb79 ./SDK/platform/drivers/src/trgmux/trgmux_driver.o
 .debug_info    0x000166e8      0x81c ./SDK/platform/drivers/src/trgmux/trgmux_hw_access.o
 .debug_info    0x00016f04      0x151 ./SDK/platform/pal/src/adc/adc_irq.o
 .debug_info    0x00017055     0x2317 ./SDK/platform/pal/src/adc/adc_pal.o
 .debug_info    0x0001936c      0xac5 ./SDK/rtos/osif/osif_baremetal.o
 .debug_info    0x00019e31     0x12b5 ./board/clock_config.o
 .debug_info    0x0001b0e6      0x913 ./board/peripherals_adc_pal_1.o
 .debug_info    0x0001b9f9      0x5c9 ./board/peripherals_lpuart_1.o
 .debug_info    0x0001bfc2      0x405 ./board/pin_mux.o
 .debug_info    0x0001c3c7     0x298b ./src/main.o

.debug_abbrev   0x00000000     0x341a
 .debug_abbrev  0x00000000       0x14 ./Project_Settings/Startup_Code/startup_S32K144.o
 .debug_abbrev  0x00000014      0x140 ./SDK/platform/devices/S32K144/startup/system_S32K144.o
 .debug_abbrev  0x00000154       0xe0 ./SDK/platform/devices/startup.o
 .debug_abbrev  0x00000234      0x397 ./SDK/platform/drivers/src/adc/adc_driver.o
 .debug_abbrev  0x000005cb      0x3ec ./SDK/platform/drivers/src/clock/S32K1xx/clock_S32K1xx.o
 .debug_abbrev  0x000009b7      0x422 ./SDK/platform/drivers/src/edma/edma_driver.o
 .debug_abbrev  0x00000dd9      0x205 ./SDK/platform/drivers/src/edma/edma_hw_access.o
 .debug_abbrev  0x00000fde      0x1b8 ./SDK/platform/drivers/src/edma/edma_irq.o
 .debug_abbrev  0x00001196      0x1f4 ./SDK/platform/drivers/src/interrupt/interrupt_manager.o
 .debug_abbrev  0x0000138a      0x3a4 ./SDK/platform/drivers/src/lpuart/lpuart_driver.o
 .debug_abbrev  0x0000172e      0x1d0 ./SDK/platform/drivers/src/lpuart/lpuart_hw_access.o
 .debug_abbrev  0x000018fe       0xb9 ./SDK/platform/drivers/src/lpuart/lpuart_irq.o
 .debug_abbrev  0x000019b7      0x35a ./SDK/platform/drivers/src/pdb/pdb_driver.o
 .debug_abbrev  0x00001d11      0x231 ./SDK/platform/drivers/src/pdb/pdb_hw_access.o
 .debug_abbrev  0x00001f42      0x2db ./SDK/platform/drivers/src/pins/pins_driver.o
 .debug_abbrev  0x0000221d      0x1f5 ./SDK/platform/drivers/src/pins/pins_port_hw_access.o
 .debug_abbrev  0x00002412      0x19c ./SDK/platform/drivers/src/trgmux/trgmux_driver.o
 .debug_abbrev  0x000025ae      0x19d ./SDK/platform/drivers/src/trgmux/trgmux_hw_access.o
 .debug_abbrev  0x0000274b       0xa3 ./SDK/platform/pal/src/adc/adc_irq.o
 .debug_abbrev  0x000027ee      0x34e ./SDK/platform/pal/src/adc/adc_pal.o
 .debug_abbrev  0x00002b3c      0x2c6 ./SDK/rtos/osif/osif_baremetal.o
 .debug_abbrev  0x00002e02      0x122 ./board/clock_config.o
 .debug_abbrev  0x00002f24       0xf6 ./board/peripherals_adc_pal_1.o
 .debug_abbrev  0x0000301a       0xbc ./board/peripherals_lpuart_1.o
 .debug_abbrev  0x000030d6       0xca ./board/pin_mux.o
 .debug_abbrev  0x000031a0      0x27a ./src/main.o

.debug_aranges  0x00000000      0xb60
 .debug_aranges
                0x00000000       0x20 ./Project_Settings/Startup_Code/startup_S32K144.o
 .debug_aranges
                0x00000020       0x30 ./SDK/platform/devices/S32K144/startup/system_S32K144.o
 .debug_aranges
                0x00000050       0x20 ./SDK/platform/devices/startup.o
 .debug_aranges
                0x00000070       0xe0 ./SDK/platform/drivers/src/adc/adc_driver.o
 .debug_aranges
                0x00000150      0x128 ./SDK/platform/drivers/src/clock/S32K1xx/clock_S32K1xx.o
 .debug_aranges
                0x00000278      0x138 ./SDK/platform/drivers/src/edma/edma_driver.o
 .debug_aranges
                0x000003b0       0x88 ./SDK/platform/drivers/src/edma/edma_hw_access.o
 .debug_aranges
                0x00000438       0xa0 ./SDK/platform/drivers/src/edma/edma_irq.o
 .debug_aranges
                0x000004d8       0x70 ./SDK/platform/drivers/src/interrupt/interrupt_manager.o
 .debug_aranges
                0x00000548      0x118 ./SDK/platform/drivers/src/lpuart/lpuart_driver.o
 .debug_aranges
                0x00000660       0x78 ./SDK/platform/drivers/src/lpuart/lpuart_hw_access.o
 .debug_aranges
                0x000006d8       0x30 ./SDK/platform/drivers/src/lpuart/lpuart_irq.o
 .debug_aranges
                0x00000708       0xc0 ./SDK/platform/drivers/src/pdb/pdb_driver.o
 .debug_aranges
                0x000007c8       0x58 ./SDK/platform/drivers/src/pdb/pdb_hw_access.o
 .debug_aranges
                0x00000820       0xe0 ./SDK/platform/drivers/src/pins/pins_driver.o
 .debug_aranges
                0x00000900       0x40 ./SDK/platform/drivers/src/pins/pins_port_hw_access.o
 .debug_aranges
                0x00000940       0x50 ./SDK/platform/drivers/src/trgmux/trgmux_driver.o
 .debug_aranges
                0x00000990       0x40 ./SDK/platform/drivers/src/trgmux/trgmux_hw_access.o
 .debug_aranges
                0x000009d0       0x28 ./SDK/platform/pal/src/adc/adc_irq.o
 .debug_aranges
                0x000009f8       0x78 ./SDK/platform/pal/src/adc/adc_pal.o
 .debug_aranges
                0x00000a70       0x70 ./SDK/rtos/osif/osif_baremetal.o
 .debug_aranges
                0x00000ae0       0x18 ./board/clock_config.o
 .debug_aranges
                0x00000af8       0x18 ./board/peripherals_adc_pal_1.o
 .debug_aranges
                0x00000b10       0x18 ./board/peripherals_lpuart_1.o
 .debug_aranges
                0x00000b28       0x18 ./board/pin_mux.o
 .debug_aranges
                0x00000b40       0x20 ./src/main.o

.debug_str      0x00000000     0xae50
 .debug_str     0x00000000       0x7c ./Project_Settings/Startup_Code/startup_S32K144.o
 .debug_str     0x0000007c      0x3c9 ./SDK/platform/devices/S32K144/startup/system_S32K144.o
                                0x453 (size before relaxing)
 .debug_str     0x00000445      0x20c ./SDK/platform/devices/startup.o
                                0x442 (size before relaxing)
 .debug_str     0x00000651     0x22ab ./SDK/platform/drivers/src/adc/adc_driver.o
                               0x25c2 (size before relaxing)
 .debug_str     0x000028fc     0x28e8 ./SDK/platform/drivers/src/clock/S32K1xx/clock_S32K1xx.o
                               0x39a5 (size before relaxing)
 .debug_str     0x000051e4     0x18a0 ./SDK/platform/drivers/src/edma/edma_driver.o
                               0x2a40 (size before relaxing)
 .debug_str     0x00006a84       0x46 ./SDK/platform/drivers/src/edma/edma_hw_access.o
                                0x804 (size before relaxing)
 .debug_str     0x00006aca      0x162 ./SDK/platform/drivers/src/edma/edma_irq.o
                                0x519 (size before relaxing)
 .debug_str     0x00006c2c      0x17a ./SDK/platform/drivers/src/interrupt/interrupt_manager.o
                                0xb98 (size before relaxing)
 .debug_str     0x00006da6      0xdc6 ./SDK/platform/drivers/src/lpuart/lpuart_driver.o
                               0x251a (size before relaxing)
 .debug_str     0x00007b6c       0xc4 ./SDK/platform/drivers/src/lpuart/lpuart_hw_access.o
                               0x1097 (size before relaxing)
 .debug_str     0x00007c30       0x69 ./SDK/platform/drivers/src/lpuart/lpuart_irq.o
                                0x2a1 (size before relaxing)
 .debug_str     0x00007c99      0x885 ./SDK/platform/drivers/src/pdb/pdb_driver.o
                               0x1e4f (size before relaxing)
 .debug_str     0x0000851e       0x35 ./SDK/platform/drivers/src/pdb/pdb_hw_access.o
                                0x71c (size before relaxing)
 .debug_str     0x00008553      0x96d ./SDK/platform/drivers/src/pins/pins_driver.o
                               0x145e (size before relaxing)
 .debug_str     0x00008ec0      0x192 ./SDK/platform/drivers/src/pins/pins_port_hw_access.o
                                0x946 (size before relaxing)
 .debug_str     0x00009052     0x1089 ./SDK/platform/drivers/src/trgmux/trgmux_driver.o
                               0x1c15 (size before relaxing)
 .debug_str     0x0000a0db       0x65 ./SDK/platform/drivers/src/trgmux/trgmux_hw_access.o
                               0x1a17 (size before relaxing)
 .debug_str     0x0000a140       0x5d ./SDK/platform/pal/src/adc/adc_irq.o
                                0x2d9 (size before relaxing)
 .debug_str     0x0000a19d      0x55d ./SDK/platform/pal/src/adc/adc_pal.o
                               0x334c (size before relaxing)
 .debug_str     0x0000a6fa      0x16e ./SDK/rtos/osif/osif_baremetal.o
                               0x10fa (size before relaxing)
 .debug_str     0x0000a868       0x71 ./board/clock_config.o
                               0x235a (size before relaxing)
 .debug_str     0x0000a8d9       0xa0 ./board/peripherals_adc_pal_1.o
                               0x14f4 (size before relaxing)
 .debug_str     0x0000a979       0x42 ./board/peripherals_lpuart_1.o
                                0xdc7 (size before relaxing)
 .debug_str     0x0000a9bb       0x2c ./board/pin_mux.o
                                0x60a (size before relaxing)
 .debug_str     0x0000a9e7      0x469 ./src/main.o
                               0x3dbf (size before relaxing)

.debug_loc      0x00000000     0xf060
 .debug_loc     0x00000000      0x10a ./SDK/platform/devices/S32K144/startup/system_S32K144.o
 .debug_loc     0x0000010a       0xec ./SDK/platform/devices/startup.o
 .debug_loc     0x000001f6     0x140b ./SDK/platform/drivers/src/adc/adc_driver.o
 .debug_loc     0x00001601     0x4df7 ./SDK/platform/drivers/src/clock/S32K1xx/clock_S32K1xx.o
 .debug_loc     0x000063f8     0x28d9 ./SDK/platform/drivers/src/edma/edma_driver.o
 .debug_loc     0x00008cd1      0x6fa ./SDK/platform/drivers/src/edma/edma_hw_access.o
 .debug_loc     0x000093cb       0x50 ./SDK/platform/drivers/src/edma/edma_irq.o
 .debug_loc     0x0000941b      0x252 ./SDK/platform/drivers/src/interrupt/interrupt_manager.o
 .debug_loc     0x0000966d     0x2030 ./SDK/platform/drivers/src/lpuart/lpuart_driver.o
 .debug_loc     0x0000b69d      0x738 ./SDK/platform/drivers/src/lpuart/lpuart_hw_access.o
 .debug_loc     0x0000bdd5      0x9b6 ./SDK/platform/drivers/src/pdb/pdb_driver.o
 .debug_loc     0x0000c78b      0x48e ./SDK/platform/drivers/src/pdb/pdb_hw_access.o
 .debug_loc     0x0000cc19      0x77f ./SDK/platform/drivers/src/pins/pins_driver.o
 .debug_loc     0x0000d398      0x56a ./SDK/platform/drivers/src/pins/pins_port_hw_access.o
 .debug_loc     0x0000d902      0x233 ./SDK/platform/drivers/src/trgmux/trgmux_driver.o
 .debug_loc     0x0000db35      0x340 ./SDK/platform/drivers/src/trgmux/trgmux_hw_access.o
 .debug_loc     0x0000de75      0xf76 ./SDK/platform/pal/src/adc/adc_pal.o
 .debug_loc     0x0000edeb      0x275 ./SDK/rtos/osif/osif_baremetal.o

.debug_ranges   0x00000000      0xe98
 .debug_ranges  0x00000000       0x20 ./SDK/platform/devices/S32K144/startup/system_S32K144.o
 .debug_ranges  0x00000020       0x10 ./SDK/platform/devices/startup.o
 .debug_ranges  0x00000030      0x170 ./SDK/platform/drivers/src/adc/adc_driver.o
 .debug_ranges  0x000001a0      0x3f0 ./SDK/platform/drivers/src/clock/S32K1xx/clock_S32K1xx.o
 .debug_ranges  0x00000590      0x158 ./SDK/platform/drivers/src/edma/edma_driver.o
 .debug_ranges  0x000006e8       0x90 ./SDK/platform/drivers/src/edma/edma_hw_access.o
 .debug_ranges  0x00000778       0x90 ./SDK/platform/drivers/src/edma/edma_irq.o
 .debug_ranges  0x00000808       0x98 ./SDK/platform/drivers/src/interrupt/interrupt_manager.o
 .debug_ranges  0x000008a0      0x150 ./SDK/platform/drivers/src/lpuart/lpuart_driver.o
 .debug_ranges  0x000009f0       0x68 ./SDK/platform/drivers/src/lpuart/lpuart_hw_access.o
 .debug_ranges  0x00000a58       0x20 ./SDK/platform/drivers/src/lpuart/lpuart_irq.o
 .debug_ranges  0x00000a78       0xb0 ./SDK/platform/drivers/src/pdb/pdb_driver.o
 .debug_ranges  0x00000b28       0x60 ./SDK/platform/drivers/src/pdb/pdb_hw_access.o
 .debug_ranges  0x00000b88       0xd0 ./SDK/platform/drivers/src/pins/pins_driver.o
 .debug_ranges  0x00000c58       0x30 ./SDK/platform/drivers/src/pins/pins_port_hw_access.o
 .debug_ranges  0x00000c88       0x40 ./SDK/platform/drivers/src/trgmux/trgmux_driver.o
 .debug_ranges  0x00000cc8       0x48 ./SDK/platform/drivers/src/trgmux/trgmux_hw_access.o
 .debug_ranges  0x00000d10       0x18 ./SDK/platform/pal/src/adc/adc_irq.o
 .debug_ranges  0x00000d28       0xd0 ./SDK/platform/pal/src/adc/adc_pal.o
 .debug_ranges  0x00000df8       0x90 ./SDK/rtos/osif/osif_baremetal.o
 .debug_ranges  0x00000e88       0x10 ./src/main.o

.comment        0x00000000       0x7e
 .comment       0x00000000       0x7e ./SDK/platform/devices/S32K144/startup/system_S32K144.o
                                 0x7f (size before relaxing)
 .comment       0x0000007e       0x7f ./SDK/platform/devices/startup.o
 .comment       0x0000007e       0x7f ./SDK/platform/drivers/src/adc/adc_driver.o
 .comment       0x0000007e       0x7f ./SDK/platform/drivers/src/clock/S32K1xx/clock_S32K1xx.o
 .comment       0x0000007e       0x7f ./SDK/platform/drivers/src/edma/edma_driver.o
 .comment       0x0000007e       0x7f ./SDK/platform/drivers/src/edma/edma_hw_access.o
 .comment       0x0000007e       0x7f ./SDK/platform/drivers/src/edma/edma_irq.o
 .comment       0x0000007e       0x7f ./SDK/platform/drivers/src/interrupt/interrupt_manager.o
 .comment       0x0000007e       0x7f ./SDK/platform/drivers/src/lpuart/lpuart_driver.o
 .comment       0x0000007e       0x7f ./SDK/platform/drivers/src/lpuart/lpuart_hw_access.o
 .comment       0x0000007e       0x7f ./SDK/platform/drivers/src/lpuart/lpuart_irq.o
 .comment       0x0000007e       0x7f ./SDK/platform/drivers/src/pdb/pdb_driver.o
 .comment       0x0000007e       0x7f ./SDK/platform/drivers/src/pdb/pdb_hw_access.o
 .comment       0x0000007e       0x7f ./SDK/platform/drivers/src/pins/pins_driver.o
 .comment       0x0000007e       0x7f ./SDK/platform/drivers/src/pins/pins_port_hw_access.o
 .comment       0x0000007e       0x7f ./SDK/platform/drivers/src/trgmux/trgmux_driver.o
 .comment       0x0000007e       0x7f ./SDK/platform/drivers/src/trgmux/trgmux_hw_access.o
 .comment       0x0000007e       0x7f ./SDK/platform/pal/src/adc/adc_irq.o
 .comment       0x0000007e       0x7f ./SDK/platform/pal/src/adc/adc_pal.o
 .comment       0x0000007e       0x7f ./SDK/rtos/osif/osif_baremetal.o
 .comment       0x0000007e       0x7f ./board/clock_config.o
 .comment       0x0000007e       0x7f ./board/peripherals_adc_pal_1.o
 .comment       0x0000007e       0x7f ./board/peripherals_lpuart_1.o
 .comment       0x0000007e       0x7f ./board/pin_mux.o
 .comment       0x0000007e       0x7f ./src/main.o

.debug_frame    0x00000000     0x1ed4
 .debug_frame   0x00000000       0x40 ./SDK/platform/devices/S32K144/startup/system_S32K144.o
 .debug_frame   0x00000040       0x2c ./SDK/platform/devices/startup.o
 .debug_frame   0x0000006c      0x22c ./SDK/platform/drivers/src/adc/adc_driver.o
 .debug_frame   0x00000298      0x398 ./SDK/platform/drivers/src/clock/S32K1xx/clock_S32K1xx.o
 .debug_frame   0x00000630      0x388 ./SDK/platform/drivers/src/edma/edma_driver.o
 .debug_frame   0x000009b8      0x144 ./SDK/platform/drivers/src/edma/edma_hw_access.o
 .debug_frame   0x00000afc      0x1ac ./SDK/platform/drivers/src/edma/edma_irq.o
 .debug_frame   0x00000ca8       0xd8 ./SDK/platform/drivers/src/interrupt/interrupt_manager.o
 .debug_frame   0x00000d80      0x398 ./SDK/platform/drivers/src/lpuart/lpuart_driver.o
 .debug_frame   0x00001118       0xf4 ./SDK/platform/drivers/src/lpuart/lpuart_hw_access.o
 .debug_frame   0x0000120c       0x58 ./SDK/platform/drivers/src/lpuart/lpuart_irq.o
 .debug_frame   0x00001264      0x1b0 ./SDK/platform/drivers/src/pdb/pdb_driver.o
 .debug_frame   0x00001414       0xe0 ./SDK/platform/drivers/src/pdb/pdb_hw_access.o
 .debug_frame   0x000014f4      0x1e4 ./SDK/platform/drivers/src/pins/pins_driver.o
 .debug_frame   0x000016d8       0x98 ./SDK/platform/drivers/src/pins/pins_port_hw_access.o
 .debug_frame   0x00001770       0xbc ./SDK/platform/drivers/src/trgmux/trgmux_driver.o
 .debug_frame   0x0000182c       0x80 ./SDK/platform/drivers/src/trgmux/trgmux_hw_access.o
 .debug_frame   0x000018ac       0x40 ./SDK/platform/pal/src/adc/adc_irq.o
 .debug_frame   0x000018ec      0x180 ./SDK/platform/pal/src/adc/adc_pal.o
 .debug_frame   0x00001a6c       0xf8 ./SDK/rtos/osif/osif_baremetal.o
 .debug_frame   0x00001b64       0x28 ./src/main.o
 .debug_frame   0x00001b8c       0x70 D:/NXP/S32DS.3.5/S32DS/build_tools/gcc_b1620/gcc-6.3-arm32-eabi/arm-none-eabi/newlib/lib/thumb/v7e-m/fpv4-sp/hard\libc_nano.a(lib_a-sprintf.o)
 .debug_frame   0x00001bfc       0x90 D:/NXP/S32DS.3.5/S32DS/build_tools/gcc_b1620/gcc-6.3-arm32-eabi/arm-none-eabi/newlib/lib/thumb/v7e-m/fpv4-sp/hard\libc_nano.a(lib_a-nano-svfprintf.o)
 .debug_frame   0x00001c8c       0x60 D:/NXP/S32DS.3.5/S32DS/build_tools/gcc_b1620/gcc-6.3-arm32-eabi/arm-none-eabi/newlib/lib/thumb/v7e-m/fpv4-sp/hard\libc_nano.a(lib_a-nano-vfprintf_i.o)
 .debug_frame   0x00001cec       0x28 D:/NXP/S32DS.3.5/S32DS/build_tools/gcc_b1620/gcc-6.3-arm32-eabi/arm-none-eabi/newlib/lib/thumb/v7e-m/fpv4-sp/hard\libc_nano.a(lib_a-memcpy-stub.o)
 .debug_frame   0x00001d14       0x28 D:/NXP/S32DS.3.5/S32DS/build_tools/gcc_b1620/gcc-6.3-arm32-eabi/arm-none-eabi/newlib/lib/thumb/v7e-m/fpv4-sp/hard\libc_nano.a(lib_a-memmove.o)
 .debug_frame   0x00001d3c       0x38 D:/NXP/S32DS.3.5/S32DS/build_tools/gcc_b1620/gcc-6.3-arm32-eabi/arm-none-eabi/newlib/lib/thumb/v7e-m/fpv4-sp/hard\libc_nano.a(lib_a-nano-freer.o)
 .debug_frame   0x00001d74       0x2c D:/NXP/S32DS.3.5/S32DS/build_tools/gcc_b1620/gcc-6.3-arm32-eabi/arm-none-eabi/newlib/lib/thumb/v7e-m/fpv4-sp/hard\libc_nano.a(lib_a-nano-mallocr.o)
 .debug_frame   0x00001da0       0x3c D:/NXP/S32DS.3.5/S32DS/build_tools/gcc_b1620/gcc-6.3-arm32-eabi/arm-none-eabi/newlib/lib/thumb/v7e-m/fpv4-sp/hard\libc_nano.a(lib_a-nano-reallocr.o)
 .debug_frame   0x00001ddc       0x2c D:/NXP/S32DS.3.5/S32DS/build_tools/gcc_b1620/gcc-6.3-arm32-eabi/arm-none-eabi/newlib/lib/thumb/v7e-m/fpv4-sp/hard\libc_nano.a(lib_a-sbrkr.o)
 .debug_frame   0x00001e08       0x30 D:/NXP/S32DS.3.5/S32DS/build_tools/gcc_b1620/gcc-6.3-arm32-eabi/arm-none-eabi/newlib/lib/thumb/v7e-m/fpv4-sp/hard\libc_nano.a(lib_a-mlock.o)
 .debug_frame   0x00001e38       0x20 D:/NXP/S32DS.3.5/S32DS/build_tools/gcc_b1620/gcc-6.3-arm32-eabi/arm-none-eabi/newlib/lib/thumb/v7e-m/fpv4-sp/hard\libc_nano.a(lib_a-nano-msizer.o)
 .debug_frame   0x00001e58       0x5c D:/NXP/S32DS.3.5/S32DS/build_tools/gcc_b1620/gcc-6.3-arm32-eabi/arm-none-eabi/newlib/lib/thumb/v7e-m/fpv4-sp/hard\libc_nano.a(lib_a-reent.o)
 .debug_frame   0x00001eb4       0x20 D:/NXP/S32DS.3.5/S32DS/build_tools/gcc_b1620/gcc-6.3-arm32-eabi/arm-none-eabi/newlib/lib/thumb/v7e-m/fpv4-sp/hard\libnosys.a(sbrk.o)
